../Drivers/CMSIS/Include/core_cm0.h:856:34:__NVIC_SystemReset	8	static,ignoring_inline_asm
../Middlewares/ST/STM32_USB_Device_Library/Class/DFU/Src/usbd_dfu.c:278:17:USBD_DFU_Init	24	static
../Middlewares/ST/STM32_USB_Device_Library/Class/DFU/Src/usbd_dfu.c:325:17:USBD_DFU_DeInit	24	static
../Middlewares/ST/STM32_USB_Device_Library/Class/DFU/Src/usbd_dfu.c:391:13:USBD_GetMSDescriptor	40	static
../Middlewares/ST/STM32_USB_Device_Library/Class/DFU/Src/usbd_dfu.c:462:17:USBD_DFU_Setup	32	static
../Middlewares/ST/STM32_USB_Device_Library/Class/DFU/Src/usbd_dfu.c:606:18:USBD_DFU_GetCfgDesc	16	static
../Middlewares/ST/STM32_USB_Device_Library/Class/DFU/Src/usbd_dfu.c:619:17:USBD_DFU_DataIn	16	static
../Middlewares/ST/STM32_USB_Device_Library/Class/DFU/Src/usbd_dfu.c:632:17:USBD_DFU_EP0_RxReady	16	static
../Middlewares/ST/STM32_USB_Device_Library/Class/DFU/Src/usbd_dfu.c:643:17:USBD_DFU_EP0_TxReady	40	static
../Middlewares/ST/STM32_USB_Device_Library/Class/DFU/Src/usbd_dfu.c:737:17:USBD_DFU_SOF	16	static
../Middlewares/ST/STM32_USB_Device_Library/Class/DFU/Src/usbd_dfu.c:749:17:USBD_DFU_IsoINIncomplete	16	static
../Middlewares/ST/STM32_USB_Device_Library/Class/DFU/Src/usbd_dfu.c:761:17:USBD_DFU_IsoOutIncomplete	16	static
../Middlewares/ST/STM32_USB_Device_Library/Class/DFU/Src/usbd_dfu.c:773:17:USBD_DFU_DataOut	16	static
../Middlewares/ST/STM32_USB_Device_Library/Class/DFU/Src/usbd_dfu.c:786:18:USBD_DFU_GetDeviceQualifierDesc	16	static
../Middlewares/ST/STM32_USB_Device_Library/Class/DFU/Src/usbd_dfu.c:813:17:USBD_DFU_GetUsrStringDesc	24	static
../Middlewares/ST/STM32_USB_Device_Library/Class/DFU/Src/usbd_dfu.c:841:10:USBD_DFU_RegisterMedia	16	static
../Middlewares/ST/STM32_USB_Device_Library/Class/DFU/Src/usbd_dfu.c:861:13:DFU_Detach	24	static
../Middlewares/ST/STM32_USB_Device_Library/Class/DFU/Src/usbd_dfu.c:904:13:DFU_Download	24	static
../Middlewares/ST/STM32_USB_Device_Library/Class/DFU/Src/usbd_dfu.c:962:13:DFU_Upload	40	static
../Middlewares/ST/STM32_USB_Device_Library/Class/DFU/Src/usbd_dfu.c:1056:13:DFU_GetStatus	24	static
../Middlewares/ST/STM32_USB_Device_Library/Class/DFU/Src/usbd_dfu.c:1133:13:DFU_ClearStatus	24	static
../Middlewares/ST/STM32_USB_Device_Library/Class/DFU/Src/usbd_dfu.c:1168:13:DFU_GetState	24	static
../Middlewares/ST/STM32_USB_Device_Library/Class/DFU/Src/usbd_dfu.c:1184:13:DFU_Abort	24	static
../Middlewares/ST/STM32_USB_Device_Library/Class/DFU/Src/usbd_dfu.c:1213:13:DFU_Leave	24	static
