Archive member included to satisfy reference by file (symbol)

C:/ST/STM32CubeIDE_1.16.0/STM32CubeIDE/plugins/com.st.stm32cube.ide.mcu.externaltools.gnu-tools-for-stm32.12.3.rel1.win32_1.0.200.202406191623/tools/bin/../lib/gcc/arm-none-eabi/12.3.1/../../../../arm-none-eabi/lib/thumb/v7e-m+dp/hard\libc_nano.a(libc_a-exit.o)
                              C:/ST/STM32CubeIDE_1.16.0/STM32CubeIDE/plugins/com.st.stm32cube.ide.mcu.externaltools.gnu-tools-for-stm32.12.3.rel1.win32_1.0.200.202406191623/tools/bin/../lib/gcc/arm-none-eabi/12.3.1/../../../../arm-none-eabi/lib/thumb/v7e-m+dp/hard/crt0.o (exit)
C:/ST/STM32CubeIDE_1.16.0/STM32CubeIDE/plugins/com.st.stm32cube.ide.mcu.externaltools.gnu-tools-for-stm32.12.3.rel1.win32_1.0.200.202406191623/tools/bin/../lib/gcc/arm-none-eabi/12.3.1/../../../../arm-none-eabi/lib/thumb/v7e-m+dp/hard\libc_nano.a(libc_a-findfp.o)
                              C:/ST/STM32CubeIDE_1.16.0/STM32CubeIDE/plugins/com.st.stm32cube.ide.mcu.externaltools.gnu-tools-for-stm32.12.3.rel1.win32_1.0.200.202406191623/tools/bin/../lib/gcc/arm-none-eabi/12.3.1/../../../../arm-none-eabi/lib/thumb/v7e-m+dp/hard\libc_nano.a(libc_a-exit.o) (__stdio_exit_handler)
C:/ST/STM32CubeIDE_1.16.0/STM32CubeIDE/plugins/com.st.stm32cube.ide.mcu.externaltools.gnu-tools-for-stm32.12.3.rel1.win32_1.0.200.202406191623/tools/bin/../lib/gcc/arm-none-eabi/12.3.1/../../../../arm-none-eabi/lib/thumb/v7e-m+dp/hard\libc_nano.a(libc_a-fwalk.o)
                              C:/ST/STM32CubeIDE_1.16.0/STM32CubeIDE/plugins/com.st.stm32cube.ide.mcu.externaltools.gnu-tools-for-stm32.12.3.rel1.win32_1.0.200.202406191623/tools/bin/../lib/gcc/arm-none-eabi/12.3.1/../../../../arm-none-eabi/lib/thumb/v7e-m+dp/hard\libc_nano.a(libc_a-findfp.o) (_fwalk_sglue)
C:/ST/STM32CubeIDE_1.16.0/STM32CubeIDE/plugins/com.st.stm32cube.ide.mcu.externaltools.gnu-tools-for-stm32.12.3.rel1.win32_1.0.200.202406191623/tools/bin/../lib/gcc/arm-none-eabi/12.3.1/../../../../arm-none-eabi/lib/thumb/v7e-m+dp/hard\libc_nano.a(libc_a-stdio.o)
                              C:/ST/STM32CubeIDE_1.16.0/STM32CubeIDE/plugins/com.st.stm32cube.ide.mcu.externaltools.gnu-tools-for-stm32.12.3.rel1.win32_1.0.200.202406191623/tools/bin/../lib/gcc/arm-none-eabi/12.3.1/../../../../arm-none-eabi/lib/thumb/v7e-m+dp/hard\libc_nano.a(libc_a-findfp.o) (__sread)
C:/ST/STM32CubeIDE_1.16.0/STM32CubeIDE/plugins/com.st.stm32cube.ide.mcu.externaltools.gnu-tools-for-stm32.12.3.rel1.win32_1.0.200.202406191623/tools/bin/../lib/gcc/arm-none-eabi/12.3.1/../../../../arm-none-eabi/lib/thumb/v7e-m+dp/hard\libc_nano.a(libc_a-memset.o)
                              C:/ST/STM32CubeIDE_1.16.0/STM32CubeIDE/plugins/com.st.stm32cube.ide.mcu.externaltools.gnu-tools-for-stm32.12.3.rel1.win32_1.0.200.202406191623/tools/bin/../lib/gcc/arm-none-eabi/12.3.1/../../../../arm-none-eabi/lib/thumb/v7e-m+dp/hard/crt0.o (memset)
C:/ST/STM32CubeIDE_1.16.0/STM32CubeIDE/plugins/com.st.stm32cube.ide.mcu.externaltools.gnu-tools-for-stm32.12.3.rel1.win32_1.0.200.202406191623/tools/bin/../lib/gcc/arm-none-eabi/12.3.1/../../../../arm-none-eabi/lib/thumb/v7e-m+dp/hard\libc_nano.a(libc_a-closer.o)
                              C:/ST/STM32CubeIDE_1.16.0/STM32CubeIDE/plugins/com.st.stm32cube.ide.mcu.externaltools.gnu-tools-for-stm32.12.3.rel1.win32_1.0.200.202406191623/tools/bin/../lib/gcc/arm-none-eabi/12.3.1/../../../../arm-none-eabi/lib/thumb/v7e-m+dp/hard\libc_nano.a(libc_a-stdio.o) (_close_r)
C:/ST/STM32CubeIDE_1.16.0/STM32CubeIDE/plugins/com.st.stm32cube.ide.mcu.externaltools.gnu-tools-for-stm32.12.3.rel1.win32_1.0.200.202406191623/tools/bin/../lib/gcc/arm-none-eabi/12.3.1/../../../../arm-none-eabi/lib/thumb/v7e-m+dp/hard\libc_nano.a(libc_a-reent.o)
                              C:/ST/STM32CubeIDE_1.16.0/STM32CubeIDE/plugins/com.st.stm32cube.ide.mcu.externaltools.gnu-tools-for-stm32.12.3.rel1.win32_1.0.200.202406191623/tools/bin/../lib/gcc/arm-none-eabi/12.3.1/../../../../arm-none-eabi/lib/thumb/v7e-m+dp/hard\libc_nano.a(libc_a-closer.o) (errno)
C:/ST/STM32CubeIDE_1.16.0/STM32CubeIDE/plugins/com.st.stm32cube.ide.mcu.externaltools.gnu-tools-for-stm32.12.3.rel1.win32_1.0.200.202406191623/tools/bin/../lib/gcc/arm-none-eabi/12.3.1/../../../../arm-none-eabi/lib/thumb/v7e-m+dp/hard\libc_nano.a(libc_a-impure.o)
                              C:/ST/STM32CubeIDE_1.16.0/STM32CubeIDE/plugins/com.st.stm32cube.ide.mcu.externaltools.gnu-tools-for-stm32.12.3.rel1.win32_1.0.200.202406191623/tools/bin/../lib/gcc/arm-none-eabi/12.3.1/../../../../arm-none-eabi/lib/thumb/v7e-m+dp/hard\libc_nano.a(libc_a-reent.o) (_impure_ptr)
C:/ST/STM32CubeIDE_1.16.0/STM32CubeIDE/plugins/com.st.stm32cube.ide.mcu.externaltools.gnu-tools-for-stm32.12.3.rel1.win32_1.0.200.202406191623/tools/bin/../lib/gcc/arm-none-eabi/12.3.1/../../../../arm-none-eabi/lib/thumb/v7e-m+dp/hard\libc_nano.a(libc_a-lseekr.o)
[...]
Memory Configuration

Name             Origin             Length             Attributes
ITCMRAM          0x00000000         0x00010000         xrw
DTCMRAM          0x20000000         0x00020000         xrw
FLASH_BOOT       0x08000000         0x00020000         xr
FLASH_APP        0x08020000         0x000e0000         xr
RAM_D1           0x24000000         0x00050000         xrw
RAM_D2           0x30000000         0x00008000         xrw
RAM_D3           0x38000000         0x00004000         xrw
*default*        0x00000000         0xffffffff

Linker script and memory map

LOAD C:/ST/STM32CubeIDE_1.16.0/STM32CubeIDE/plugins/com.st.stm32cube.ide.mcu.externaltools.gnu-tools-for-stm32.12.3.rel1.win32_1.0.200.202406191623/tools/bin/../lib/gcc/arm-none-eabi/12.3.1/thumb/v7e-m+dp/hard/crti.o
LOAD C:/ST/STM32CubeIDE_1.16.0/STM32CubeIDE/plugins/com.st.stm32cube.ide.mcu.externaltools.gnu-tools-for-stm32.12.3.rel1.win32_1.0.200.202406191623/tools/bin/../lib/gcc/arm-none-eabi/12.3.1/thumb/v7e-m+dp/hard/crtbegin.o
LOAD C:/ST/STM32CubeIDE_1.16.0/STM32CubeIDE/plugins/com.st.stm32cube.ide.mcu.externaltools.gnu-tools-for-stm32.12.3.rel1.win32_1.0.200.202406191623/tools/bin/../lib/gcc/arm-none-eabi/12.3.1/../../../../arm-none-eabi/lib/thumb/v7e-m+dp/hard/crt0.o
LOAD ./Core/Src/main.o
LOAD ./Core/Src/stm32h7xx_hal_msp.o
LOAD ./Core/Src/stm32h7xx_it.o
LOAD ./Core/Src/syscalls.o
LOAD ./Core/Src/sysmem.o
LOAD ./Core/Src/system_stm32h7xx.o
LOAD ./Core/Startup/startup_stm32h723zgtx.o
LOAD ./Drivers/STM32H7xx_HAL_Driver/Src/stm32h7xx_hal.o
LOAD ./Drivers/STM32H7xx_HAL_Driver/Src/stm32h7xx_hal_cortex.o
LOAD ./Drivers/STM32H7xx_HAL_Driver/Src/stm32h7xx_hal_dma.o
LOAD ./Drivers/STM32H7xx_HAL_Driver/Src/stm32h7xx_hal_dma_ex.o
LOAD ./Drivers/STM32H7xx_HAL_Driver/Src/stm32h7xx_hal_exti.o
LOAD ./Drivers/STM32H7xx_HAL_Driver/Src/stm32h7xx_hal_flash.o
LOAD ./Drivers/STM32H7xx_HAL_Driver/Src/stm32h7xx_hal_flash_ex.o
LOAD ./Drivers/STM32H7xx_HAL_Driver/Src/stm32h7xx_hal_gpio.o
LOAD ./Drivers/STM32H7xx_HAL_Driver/Src/stm32h7xx_hal_hsem.o
LOAD ./Drivers/STM32H7xx_HAL_Driver/Src/stm32h7xx_hal_i2c.o
LOAD ./Drivers/STM32H7xx_HAL_Driver/Src/stm32h7xx_hal_i2c_ex.o
LOAD ./Drivers/STM32H7xx_HAL_Driver/Src/stm32h7xx_hal_mdma.o
LOAD ./Drivers/STM32H7xx_HAL_Driver/Src/stm32h7xx_hal_pcd.o
LOAD ./Drivers/STM32H7xx_HAL_Driver/Src/stm32h7xx_hal_pcd_ex.o
LOAD ./Drivers/STM32H7xx_HAL_Driver/Src/stm32h7xx_hal_pwr.o
LOAD ./Drivers/STM32H7xx_HAL_Driver/Src/stm32h7xx_hal_pwr_ex.o
LOAD ./Drivers/STM32H7xx_HAL_Driver/Src/stm32h7xx_hal_rcc.o
LOAD ./Drivers/STM32H7xx_HAL_Driver/Src/stm32h7xx_hal_rcc_ex.o
LOAD ./Drivers/STM32H7xx_HAL_Driver/Src/stm32h7xx_hal_tim.o
LOAD ./Drivers/STM32H7xx_HAL_Driver/Src/stm32h7xx_hal_tim_ex.o
LOAD ./Drivers/STM32H7xx_HAL_Driver/Src/stm32h7xx_ll_usb.o
LOAD ./Middlewares/ST/STM32_USB_Device_Library/Class/DFU/Src/usbd_dfu.o
LOAD ./Middlewares/ST/STM32_USB_Device_Library/Core/Src/usbd_core.o
LOAD ./Middlewares/ST/STM32_USB_Device_Library/Core/Src/usbd_ctlreq.o
LOAD ./Middlewares/ST/STM32_USB_Device_Library/Core/Src/usbd_ioreq.o
LOAD ./USB_DEVICE/App/usb_device.o
LOAD ./USB_DEVICE/App/usbd_desc.o
LOAD ./USB_DEVICE/App/usbd_dfu_if.o
LOAD ./USB_DEVICE/Target/usbd_conf.o
START GROUP
LOAD C:/ST/STM32CubeIDE_1.16.0/STM32CubeIDE/plugins/com.st.stm32cube.ide.mcu.externaltools.gnu-tools-for-stm32.12.3.rel1.win32_1.0.200.202406191623/tools/bin/../lib/gcc/arm-none-eabi/12.3.1/../../../../arm-none-eabi/lib/thumb/v7e-m+dp/hard\libc_nano.a
LOAD C:/ST/STM32CubeIDE_1.16.0/STM32CubeIDE/plugins/com.st.stm32cube.ide.mcu.externaltools.gnu-tools-for-stm32.12.3.rel1.win32_1.0.200.202406191623/tools/bin/../lib/gcc/arm-none-eabi/12.3.1/../../../../arm-none-eabi/lib/thumb/v7e-m+dp/hard\libm.a
END GROUP
START GROUP
LOAD C:/ST/STM32CubeIDE_1.16.0/STM32CubeIDE/plugins/com.st.stm32cube.ide.mcu.externaltools.gnu-tools-for-stm32.12.3.rel1.win32_1.0.200.202406191623/tools/bin/../lib/gcc/arm-none-eabi/12.3.1/thumb/v7e-m+dp/hard\libgcc.a
LOAD C:/ST/STM32CubeIDE_1.16.0/STM32CubeIDE/plugins/com.st.stm32cube.ide.mcu.externaltools.gnu-tools-for-stm32.12.3.rel1.win32_1.0.200.202406191623/tools/bin/../lib/gcc/arm-none-eabi/12.3.1/../../../../arm-none-eabi/lib/thumb/v7e-m+dp/hard\libc_nano.a
END GROUP
START GROUP
LOAD C:/ST/STM32CubeIDE_1.16.0/STM32CubeIDE/plugins/com.st.stm32cube.ide.mcu.externaltools.gnu-tools-for-stm32.12.3.rel1.win32_1.0.200.202406191623/tools/bin/../lib/gcc/arm-none-eabi/12.3.1/thumb/v7e-m+dp/hard\libgcc.a
LOAD C:/ST/STM32CubeIDE_1.16.0/STM32CubeIDE/plugins/com.st.stm32cube.ide.mcu.externaltools.gnu-tools-for-stm32.12.3.rel1.win32_1.0.200.202406191623/tools/bin/../lib/gcc/arm-none-eabi/12.3.1/../../../../arm-none-eabi/lib/thumb/v7e-m+dp/hard\libc_nano.a
LOAD C:/ST/STM32CubeIDE_1.16.0/STM32CubeIDE/plugins/com.st.stm32cube.ide.mcu.externaltools.gnu-tools-for-stm32.12.3.rel1.win32_1.0.200.202406191623/tools/bin/../lib/gcc/arm-none-eabi/12.3.1/../../../../arm-none-eabi/lib/thumb/v7e-m+dp/hard\libnosys.a
END GROUP
START GROUP
LOAD C:/ST/STM32CubeIDE_1.16.0/STM32CubeIDE/plugins/com.st.stm32cube.ide.mcu.externaltools.gnu-tools-for-stm32.12.3.rel1.win32_1.0.200.202406191623/tools/bin/../lib/gcc/arm-none-eabi/12.3.1/thumb/v7e-m+dp/hard\libgcc.a
LOAD C:/ST/STM32CubeIDE_1.16.0/STM32CubeIDE/plugins/com.st.stm32cube.ide.mcu.externaltools.gnu-tools-for-stm32.12.3.rel1.win32_1.0.200.202406191623/tools/bin/../lib/gcc/arm-none-eabi/12.3.1/../../../../arm-none-eabi/lib/thumb/v7e-m+dp/hard\libc_nano.a
LOAD C:/ST/STM32CubeIDE_1.16.0/STM32CubeIDE/plugins/com.st.stm32cube.ide.mcu.externaltools.gnu-tools-for-stm32.12.3.rel1.win32_1.0.200.202406191623/tools/bin/../lib/gcc/arm-none-eabi/12.3.1/../../../../arm-none-eabi/lib/thumb/v7e-m+dp/hard\libnosys.a
END GROUP
LOAD C:/ST/STM32CubeIDE_1.16.0/STM32CubeIDE/plugins/com.st.stm32cube.ide.mcu.externaltools.gnu-tools-for-stm32.12.3.rel1.win32_1.0.200.202406191623/tools/bin/../lib/gcc/arm-none-eabi/12.3.1/thumb/v7e-m+dp/hard/crtend.o
LOAD C:/ST/STM32CubeIDE_1.16.0/STM32CubeIDE/plugins/com.st.stm32cube.ide.mcu.externaltools.gnu-tools-for-stm32.12.3.rel1.win32_1.0.200.202406191623/tools/bin/../lib/gcc/arm-none-eabi/12.3.1/thumb/v7e-m+dp/hard/crtn.o
                0x24050000                        _estack = (ORIGIN (RAM_D1) + LENGTH (RAM_D1))
                0x00000200                        _Min_Heap_Size = 0x200
                0x00000400                        _Min_Stack_Size = 0x400

.isr_vector     0x08000000      0x2cc
                0x08000000                        . = ALIGN (0x4)
 *(.isr_vector)
 .isr_vector    0x08000000      0x2cc ./Core/Startup/startup_stm32h723zgtx.o
                0x08000000                g_pfnVectors
                0x080002cc                        . = ALIGN (0x4)

.text           0x080002cc     0x92ac
                0x080002cc                        . = ALIGN (0x4)
 *(.text)
 .text          0x080002cc       0x40 C:/ST/STM32CubeIDE_1.16.0/STM32CubeIDE/plugins/com.st.stm32cube.ide.mcu.externaltools.gnu-tools-for-stm32.12.3.rel1.win32_1.0.200.202406191623/tools/bin/../lib/gcc/arm-none-eabi/12.3.1/thumb/v7e-m+dp/hard/crtbegin.o
 *(.text*)
 .text.main     0x0800030c       0x18 ./Core/Src/main.o
                0x0800030c                main
 .text.SystemClock_Config
                0x08000324       0xe0 ./Core/Src/main.o
                0x08000324                SystemClock_Config
 .text.MX_GPIO_Init
                0x08000404      0x260 ./Core/Src/main.o
 .text.Error_Handler
                0x08000664        0xc ./Core/Src/main.o
                0x08000664                Error_Handler
 .text.HAL_MspInit
                0x08000670       0x34 ./Core/Src/stm32h7xx_hal_msp.o
                0x08000670                HAL_MspInit
 .text.NMI_Handler
                0x080006a4        0x8 ./Core/Src/stm32h7xx_it.o
                0x080006a4                NMI_Handler
 .text.HardFault_Handler
                0x080006ac        0x8 ./Core/Src/stm32h7xx_it.o
                0x080006ac                HardFault_Handler
 .text.MemManage_Handler
                0x080006b4        0x8 ./Core/Src/stm32h7xx_it.o
                0x080006b4                MemManage_Handler
 .text.BusFault_Handler
                0x080006bc        0x8 ./Core/Src/stm32h7xx_it.o
                0x080006bc                BusFault_Handler
 .text.UsageFault_Handler
                0x080006c4        0x8 ./Core/Src/stm32h7xx_it.o
                0x080006c4                UsageFault_Handler
 .text.SVC_Handler
                0x080006cc        0xe ./Core/Src/stm32h7xx_it.o
                0x080006cc                SVC_Handler
 .text.DebugMon_Handler
                0x080006da        0xe ./Core/Src/stm32h7xx_it.o
                0x080006da                DebugMon_Handler
 .text.PendSV_Handler
                0x080006e8        0xe ./Core/Src/stm32h7xx_it.o
                0x080006e8                PendSV_Handler
 .text.SysTick_Handler
                0x080006f6        0xc ./Core/Src/stm32h7xx_it.o
                0x080006f6                SysTick_Handler
 *fill*         0x08000702        0x2 
 .text.OTG_HS_IRQHandler
                0x08000704       0x14 ./Core/Src/stm32h7xx_it.o
                0x08000704                OTG_HS_IRQHandler
 .text.SystemInit
                0x08000718       0xf0 ./Core/Src/system_stm32h7xx.o
                0x08000718                SystemInit
 .text.Reset_Handler
                0x08000808       0x50 ./Core/Startup/startup_stm32h723zgtx.o
                0x08000808                Reset_Handler
 .text.Default_Handler
                0x08000858        0x2 ./Core/Startup/startup_stm32h723zgtx.o
                0x08000858                RTC_Alarm_IRQHandler
                0x08000858                EXTI2_IRQHandler
                0x08000858                TIM8_CC_IRQHandler
                0x08000858                UART8_IRQHandler
                0x08000858                SPI4_IRQHandler
                0x08000858                FDCAN3_IT0_IRQHandler
                0x08000858                TIM1_CC_IRQHandler
                0x08000858                BDMA_Channel6_IRQHandler
                0x08000858                DMA2_Stream5_IRQHandler
                0x08000858                DMA1_Stream5_IRQHandler
                0x08000858                CORDIC_IRQHandler
                0x08000858                BDMA_Channel1_IRQHandler
                0x08000858                TAMP_STAMP_IRQHandler
                0x08000858                EXTI3_IRQHandler
                0x08000858                LPTIM4_IRQHandler
                0x08000858                TIM8_TRG_COM_TIM14_IRQHandler
                0x08000858                LPTIM2_IRQHandler
                0x08000858                DFSDM1_FLT1_IRQHandler
                0x08000858                DMAMUX2_OVR_IRQHandler
                0x08000858                TIM8_UP_TIM13_IRQHandler
                0x08000858                I2C3_ER_IRQHandler
                0x08000858                DFSDM1_FLT2_IRQHandler
                0x08000858                I2C5_EV_IRQHandler
                0x08000858                USART10_IRQHandler
                0x08000858                MDMA_IRQHandler
                0x08000858                LPTIM3_IRQHandler
                0x08000858                HSEM1_IRQHandler
                0x08000858                EXTI0_IRQHandler
                0x08000858                I2C2_EV_IRQHandler
                0x08000858                DMA1_Stream2_IRQHandler
                0x08000858                FPU_IRQHandler
                0x08000858                OTG_HS_WKUP_IRQHandler
                0x08000858                FDCAN1_IT1_IRQHandler
                0x08000858                LTDC_ER_IRQHandler
                0x08000858                DMA2_Stream2_IRQHandler
                0x08000858                SPI1_IRQHandler
                0x08000858                OCTOSPI1_IRQHandler
                0x08000858                TIM6_DAC_IRQHandler
                0x08000858                DMA2_Stream3_IRQHandler
                0x08000858                OCTOSPI2_IRQHandler
                0x08000858                DFSDM1_FLT3_IRQHandler
                0x08000858                TIM23_IRQHandler
                0x08000858                USART6_IRQHandler
                0x08000858                TIM17_IRQHandler
                0x08000858                USART3_IRQHandler
                0x08000858                BDMA_Channel7_IRQHandler
                0x08000858                LPTIM5_IRQHandler
                0x08000858                UART5_IRQHandler
                0x08000858                ADC3_IRQHandler
                0x08000858                DMA2_Stream0_IRQHandler
                0x08000858                TIM4_IRQHandler
                0x08000858                BDMA_Channel2_IRQHandler
                0x08000858                I2C1_EV_IRQHandler
                0x08000858                DMA1_Stream6_IRQHandler
                0x08000858                DMAMUX1_OVR_IRQHandler
                0x08000858                DMA1_Stream1_IRQHandler
                0x08000858                TIM16_IRQHandler
                0x08000858                UART4_IRQHandler
                0x08000858                BDMA_Channel5_IRQHandler
                0x08000858                TIM3_IRQHandler
                0x08000858                RCC_IRQHandler
                0x08000858                UART9_IRQHandler
                0x08000858                TIM8_BRK_TIM12_IRQHandler
                0x08000858                TIM1_TRG_COM_IRQHandler
                0x08000858                Default_Handler
                0x08000858                ECC_IRQHandler
                0x08000858                FMAC_IRQHandler
                0x08000858                CEC_IRQHandler
                0x08000858                EXTI15_10_IRQHandler
                0x08000858                BDMA_Channel0_IRQHandler
                0x08000858                ADC_IRQHandler
                0x08000858                I2C5_ER_IRQHandler
                0x08000858                DMA1_Stream7_IRQHandler
                0x08000858                SPI5_IRQHandler
                0x08000858                TIM7_IRQHandler
                0x08000858                FDCAN3_IT1_IRQHandler
                0x08000858                SDMMC1_IRQHandler
                0x08000858                TIM5_IRQHandler
                0x08000858                DMA2_Stream7_IRQHandler
                0x08000858                TIM15_IRQHandler
                0x08000858                PVD_AVD_IRQHandler
                0x08000858                I2C3_EV_IRQHandler
                0x08000858                EXTI9_5_IRQHandler
                0x08000858                RTC_WKUP_IRQHandler
                0x08000858                LTDC_IRQHandler
                0x08000858                ETH_WKUP_IRQHandler
                0x08000858                SPDIF_RX_IRQHandler
                0x08000858                SPI2_IRQHandler
                0x08000858                OTG_HS_EP1_IN_IRQHandler
                0x08000858                DMA1_Stream0_IRQHandler
                0x08000858                TIM24_IRQHandler
                0x08000858                CRS_IRQHandler
                0x08000858                EXTI4_IRQHandler
                0x08000858                RNG_IRQHandler
                0x08000858                FDCAN2_IT1_IRQHandler
                0x08000858                ETH_IRQHandler
                0x08000858                TIM1_UP_IRQHandler
                0x08000858                BDMA_Channel4_IRQHandler
                0x08000858                OTG_HS_EP1_OUT_IRQHandler
                0x08000858                WWDG_IRQHandler
                0x08000858                SPI6_IRQHandler
                0x08000858                MDIOS_IRQHandler
                0x08000858                I2C4_EV_IRQHandler
                0x08000858                FDCAN2_IT0_IRQHandler
                0x08000858                LPUART1_IRQHandler
                0x08000858                FDCAN1_IT0_IRQHandler
                0x08000858                TIM2_IRQHandler
                0x08000858                DMA2D_IRQHandler
                0x08000858                TIM1_BRK_IRQHandler
                0x08000858                EXTI1_IRQHandler
                0x08000858                SDMMC2_IRQHandler
                0x08000858                BDMA_Channel3_IRQHandler
                0x08000858                DTS_IRQHandler
                0x08000858                UART7_IRQHandler
                0x08000858                MDIOS_WKUP_IRQHandler
                0x08000858                USART2_IRQHandler
                0x08000858                DFSDM1_FLT0_IRQHandler
                0x08000858                SAI4_IRQHandler
                0x08000858                I2C2_ER_IRQHandler
                0x08000858                DMA2_Stream1_IRQHandler
                0x08000858                FLASH_IRQHandler
                0x08000858                DMA2_Stream4_IRQHandler
                0x08000858                USART1_IRQHandler
                0x08000858                SPI3_IRQHandler
                0x08000858                WAKEUP_PIN_IRQHandler
                0x08000858                DMA1_Stream4_IRQHandler
                0x08000858                I2C1_ER_IRQHandler
                0x08000858                FMC_IRQHandler
                0x08000858                FDCAN_CAL_IRQHandler
                0x08000858                SWPMI1_IRQHandler
                0x08000858                COMP1_IRQHandler
                0x08000858                LPTIM1_IRQHandler
                0x08000858                DCMI_PSSI_IRQHandler
                0x08000858                I2C4_ER_IRQHandler
                0x08000858                DMA2_Stream6_IRQHandler
                0x08000858                SAI1_IRQHandler
                0x08000858                DMA1_Stream3_IRQHandler
 *fill*         0x0800085a        0x2 
 .text.HAL_Init
                0x0800085c       0x78 ./Drivers/STM32H7xx_HAL_Driver/Src/stm32h7xx_hal.o
                0x0800085c                HAL_Init
 .text.HAL_InitTick
                0x080008d4       0x6c ./Drivers/STM32H7xx_HAL_Driver/Src/stm32h7xx_hal.o
                0x080008d4                HAL_InitTick
 .text.HAL_IncTick
                0x08000940       0x28 ./Drivers/STM32H7xx_HAL_Driver/Src/stm32h7xx_hal.o
                0x08000940                HAL_IncTick
 .text.HAL_GetTick
                0x08000968       0x18 ./Drivers/STM32H7xx_HAL_Driver/Src/stm32h7xx_hal.o
                0x08000968                HAL_GetTick
 .text.HAL_Delay
                0x08000980       0x48 ./Drivers/STM32H7xx_HAL_Driver/Src/stm32h7xx_hal.o
                0x08000980                HAL_Delay
 .text.__NVIC_SetPriorityGrouping
                0x080009c8       0x48 ./Drivers/STM32H7xx_HAL_Driver/Src/stm32h7xx_hal_cortex.o
 .text.__NVIC_GetPriorityGrouping
                0x08000a10       0x1c ./Drivers/STM32H7xx_HAL_Driver/Src/stm32h7xx_hal_cortex.o
 .text.__NVIC_EnableIRQ
                0x08000a2c       0x3c ./Drivers/STM32H7xx_HAL_Driver/Src/stm32h7xx_hal_cortex.o
 .text.__NVIC_SetPriority
                0x08000a68       0x54 ./Drivers/STM32H7xx_HAL_Driver/Src/stm32h7xx_hal_cortex.o
 .text.NVIC_EncodePriority
                0x08000abc       0x66 ./Drivers/STM32H7xx_HAL_Driver/Src/stm32h7xx_hal_cortex.o
 *fill*         0x08000b22        0x2 
 .text.SysTick_Config
                0x08000b24       0x44 ./Drivers/STM32H7xx_HAL_Driver/Src/stm32h7xx_hal_cortex.o
 .text.HAL_NVIC_SetPriorityGrouping
                0x08000b68       0x16 ./Drivers/STM32H7xx_HAL_Driver/Src/stm32h7xx_hal_cortex.o
                0x08000b68                HAL_NVIC_SetPriorityGrouping
 .text.HAL_NVIC_SetPriority
                0x08000b7e       0x34 ./Drivers/STM32H7xx_HAL_Driver/Src/stm32h7xx_hal_cortex.o
                0x08000b7e                HAL_NVIC_SetPriority
 .text.HAL_NVIC_EnableIRQ
                0x08000bb2       0x1c ./Drivers/STM32H7xx_HAL_Driver/Src/stm32h7xx_hal_cortex.o
                0x08000bb2                HAL_NVIC_EnableIRQ
 .text.HAL_SYSTICK_Config
                0x08000bce       0x18 ./Drivers/STM32H7xx_HAL_Driver/Src/stm32h7xx_hal_cortex.o
                0x08000bce                HAL_SYSTICK_Config
 *fill*         0x08000be6        0x2 
 .text.HAL_FLASH_Program
                0x08000be8       0xe0 ./Drivers/STM32H7xx_HAL_Driver/Src/stm32h7xx_hal_flash.o
                0x08000be8                HAL_FLASH_Program
 .text.HAL_FLASH_Unlock
                0x08000cc8       0x44 ./Drivers/STM32H7xx_HAL_Driver/Src/stm32h7xx_hal_flash.o
                0x08000cc8                HAL_FLASH_Unlock
 .text.HAL_FLASH_Lock
                0x08000d0c       0x30 ./Drivers/STM32H7xx_HAL_Driver/Src/stm32h7xx_hal_flash.o
                0x08000d0c                HAL_FLASH_Lock
 .text.FLASH_WaitForLastOperation
                0x08000d3c       0xac ./Drivers/STM32H7xx_HAL_Driver/Src/stm32h7xx_hal_flash.o
                0x08000d3c                FLASH_WaitForLastOperation
 .text.HAL_FLASHEx_Erase
                0x08000de8      0x118 ./Drivers/STM32H7xx_HAL_Driver/Src/stm32h7xx_hal_flash_ex.o
                0x08000de8                HAL_FLASHEx_Erase
 .text.FLASH_MassErase
                0x08000f00       0x48 ./Drivers/STM32H7xx_HAL_Driver/Src/stm32h7xx_hal_flash_ex.o
 .text.FLASH_Erase_Sector
                0x08000f48       0x48 ./Drivers/STM32H7xx_HAL_Driver/Src/stm32h7xx_hal_flash_ex.o
                0x08000f48                FLASH_Erase_Sector
 .text.HAL_GPIO_Init
                0x08000f90      0x350 ./Drivers/STM32H7xx_HAL_Driver/Src/stm32h7xx_hal_gpio.o
                0x08000f90                HAL_GPIO_Init
 .text.HAL_GPIO_WritePin
                0x080012e0       0x32 ./Drivers/STM32H7xx_HAL_Driver/Src/stm32h7xx_hal_gpio.o
                0x080012e0                HAL_GPIO_WritePin
 .text.HAL_PCD_Init
                0x08001312      0x218 ./Drivers/STM32H7xx_HAL_Driver/Src/stm32h7xx_hal_pcd.o
                0x08001312                HAL_PCD_Init
 .text.HAL_PCD_Start
                0x0800152a       0x6a ./Drivers/STM32H7xx_HAL_Driver/Src/stm32h7xx_hal_pcd.o
                0x0800152a                HAL_PCD_Start
 .text.HAL_PCD_Stop
                0x08001594       0x76 ./Drivers/STM32H7xx_HAL_Driver/Src/stm32h7xx_hal_pcd.o
                0x08001594                HAL_PCD_Stop
 .text.HAL_PCD_IRQHandler
                0x0800160a      0x99c ./Drivers/STM32H7xx_HAL_Driver/Src/stm32h7xx_hal_pcd.o
                0x0800160a                HAL_PCD_IRQHandler
 .text.HAL_PCD_SetAddress
                0x08001fa6       0x48 ./Drivers/STM32H7xx_HAL_Driver/Src/stm32h7xx_hal_pcd.o
                0x08001fa6                HAL_PCD_SetAddress
 .text.HAL_PCD_EP_Open
                0x08001fee       0xd0 ./Drivers/STM32H7xx_HAL_Driver/Src/stm32h7xx_hal_pcd.o
                0x08001fee                HAL_PCD_EP_Open
 .text.HAL_PCD_EP_Receive
                0x080020be       0x76 ./Drivers/STM32H7xx_HAL_Driver/Src/stm32h7xx_hal_pcd.o
                0x080020be                HAL_PCD_EP_Receive
 .text.HAL_PCD_EP_Transmit
                0x08002134       0x74 ./Drivers/STM32H7xx_HAL_Driver/Src/stm32h7xx_hal_pcd.o
                0x08002134                HAL_PCD_EP_Transmit
 .text.HAL_PCD_EP_SetStall
                0x080021a8       0xc6 ./Drivers/STM32H7xx_HAL_Driver/Src/stm32h7xx_hal_pcd.o
                0x080021a8                HAL_PCD_EP_SetStall
 .text.HAL_PCD_EP_ClrStall
                0x0800226e       0xac ./Drivers/STM32H7xx_HAL_Driver/Src/stm32h7xx_hal_pcd.o
                0x0800226e                HAL_PCD_EP_ClrStall
 .text.HAL_PCD_EP_Abort
                0x0800231a       0x62 ./Drivers/STM32H7xx_HAL_Driver/Src/stm32h7xx_hal_pcd.o
                0x0800231a                HAL_PCD_EP_Abort
 .text.PCD_WriteEmptyTxFifo
                0x0800237c      0x118 ./Drivers/STM32H7xx_HAL_Driver/Src/stm32h7xx_hal_pcd.o
 .text.PCD_EP_OutXfrComplete_int
                0x08002494      0x1d0 ./Drivers/STM32H7xx_HAL_Driver/Src/stm32h7xx_hal_pcd.o
 .text.PCD_EP_OutSetupPacket_int
                0x08002664       0x8c ./Drivers/STM32H7xx_HAL_Driver/Src/stm32h7xx_hal_pcd.o
 .text.HAL_PCDEx_SetTxFiFo
                0x080026f0       0x8e ./Drivers/STM32H7xx_HAL_Driver/Src/stm32h7xx_hal_pcd_ex.o
                0x080026f0                HAL_PCDEx_SetTxFiFo
 .text.HAL_PCDEx_SetRxFiFo
                0x0800277e       0x22 ./Drivers/STM32H7xx_HAL_Driver/Src/stm32h7xx_hal_pcd_ex.o
                0x0800277e                HAL_PCDEx_SetRxFiFo
 .text.HAL_PCDEx_ActivateLPM
                0x080027a0       0x48 ./Drivers/STM32H7xx_HAL_Driver/Src/stm32h7xx_hal_pcd_ex.o
                0x080027a0                HAL_PCDEx_ActivateLPM
 .text.HAL_PCDEx_LPM_Callback
                0x080027e8       0x18 ./Drivers/STM32H7xx_HAL_Driver/Src/stm32h7xx_hal_pcd_ex.o
                0x080027e8                HAL_PCDEx_LPM_Callback
 .text.HAL_PWREx_ConfigSupply
                0x08002800       0x74 ./Drivers/STM32H7xx_HAL_Driver/Src/stm32h7xx_hal_pwr_ex.o
                0x08002800                HAL_PWREx_ConfigSupply
 .text.HAL_PWREx_EnableUSBVoltageDetector
                0x08002874       0x20 ./Drivers/STM32H7xx_HAL_Driver/Src/stm32h7xx_hal_pwr_ex.o
                0x08002874                HAL_PWREx_EnableUSBVoltageDetector
 .text.HAL_RCC_OscConfig
                0x08002894      0x7b4 ./Drivers/STM32H7xx_HAL_Driver/Src/stm32h7xx_hal_rcc.o
                0x08002894                HAL_RCC_OscConfig
 .text.HAL_RCC_ClockConfig
                0x08003048      0x36c ./Drivers/STM32H7xx_HAL_Driver/Src/stm32h7xx_hal_rcc.o
                0x08003048                HAL_RCC_ClockConfig
 .text.HAL_RCC_GetSysClockFreq
                0x080033b4      0x2f4 ./Drivers/STM32H7xx_HAL_Driver/Src/stm32h7xx_hal_rcc.o
                0x080033b4                HAL_RCC_GetSysClockFreq
 .text.HAL_RCC_GetHCLKFreq
                0x080036a8       0x60 ./Drivers/STM32H7xx_HAL_Driver/Src/stm32h7xx_hal_rcc.o
                0x080036a8                HAL_RCC_GetHCLKFreq
 .text.HAL_RCCEx_PeriphCLKConfig
                0x08003708     0x1340 ./Drivers/STM32H7xx_HAL_Driver/Src/stm32h7xx_hal_rcc_ex.o
                0x08003708                HAL_RCCEx_PeriphCLKConfig
 .text.RCCEx_PLL2_Config
                0x08004a48      0x164 ./Drivers/STM32H7xx_HAL_Driver/Src/stm32h7xx_hal_rcc_ex.o
 .text.RCCEx_PLL3_Config
                0x08004bac      0x164 ./Drivers/STM32H7xx_HAL_Driver/Src/stm32h7xx_hal_rcc_ex.o
 .text.USB_CoreInit
                0x08004d10       0xe4 ./Drivers/STM32H7xx_HAL_Driver/Src/stm32h7xx_ll_usb.o
                0x08004d10                USB_CoreInit
 .text.USB_SetTurnaroundTime
                0x08004df4      0x144 ./Drivers/STM32H7xx_HAL_Driver/Src/stm32h7xx_ll_usb.o
                0x08004df4                USB_SetTurnaroundTime
 .text.USB_EnableGlobalInt
                0x08004f38       0x22 ./Drivers/STM32H7xx_HAL_Driver/Src/stm32h7xx_ll_usb.o
                0x08004f38                USB_EnableGlobalInt
 .text.USB_DisableGlobalInt
                0x08004f5a       0x22 ./Drivers/STM32H7xx_HAL_Driver/Src/stm32h7xx_ll_usb.o
                0x08004f5a                USB_DisableGlobalInt
 .text.USB_SetCurrentMode
                0x08004f7c       0x98 ./Drivers/STM32H7xx_HAL_Driver/Src/stm32h7xx_ll_usb.o
                0x08004f7c                USB_SetCurrentMode
 .text.USB_DevInit
                0x08005014      0x2bc ./Drivers/STM32H7xx_HAL_Driver/Src/stm32h7xx_ll_usb.o
                0x08005014                USB_DevInit
 .text.USB_FlushTxFifo
                0x080052d0       0x64 ./Drivers/STM32H7xx_HAL_Driver/Src/stm32h7xx_ll_usb.o
                0x080052d0                USB_FlushTxFifo
 .text.USB_FlushRxFifo
                0x08005334       0x5c ./Drivers/STM32H7xx_HAL_Driver/Src/stm32h7xx_ll_usb.o
                0x08005334                USB_FlushRxFifo
 .text.USB_SetDevSpeed
                0x08005390       0x32 ./Drivers/STM32H7xx_HAL_Driver/Src/stm32h7xx_ll_usb.o
                0x08005390                USB_SetDevSpeed
 .text.USB_GetDevSpeed
                0x080053c2       0x4a ./Drivers/STM32H7xx_HAL_Driver/Src/stm32h7xx_ll_usb.o
                0x080053c2                USB_GetDevSpeed
 .text.USB_ActivateEndpoint
                0x0800540c      0x110 ./Drivers/STM32H7xx_HAL_Driver/Src/stm32h7xx_ll_usb.o
                0x0800540c                USB_ActivateEndpoint
 .text.USB_EPStartXfer
                0x0800551c      0x540 ./Drivers/STM32H7xx_HAL_Driver/Src/stm32h7xx_ll_usb.o
                0x0800551c                USB_EPStartXfer
 .text.USB_EPStopXfer
                0x08005a5c      0x154 ./Drivers/STM32H7xx_HAL_Driver/Src/stm32h7xx_ll_usb.o
                0x08005a5c                USB_EPStopXfer
 .text.USB_WritePacket
                0x08005bb0       0x7c ./Drivers/STM32H7xx_HAL_Driver/Src/stm32h7xx_ll_usb.o
                0x08005bb0                USB_WritePacket
 .text.USB_ReadPacket
                0x08005c2c       0xb0 ./Drivers/STM32H7xx_HAL_Driver/Src/stm32h7xx_ll_usb.o
                0x08005c2c                USB_ReadPacket
 .text.USB_EPSetStall
                0x08005cdc       0xdc ./Drivers/STM32H7xx_HAL_Driver/Src/stm32h7xx_ll_usb.o
                0x08005cdc                USB_EPSetStall
 .text.USB_EPClearStall
                0x08005db8       0xcc ./Drivers/STM32H7xx_HAL_Driver/Src/stm32h7xx_ll_usb.o
                0x08005db8                USB_EPClearStall
 .text.USB_SetDevAddress
                0x08005e84       0x4c ./Drivers/STM32H7xx_HAL_Driver/Src/stm32h7xx_ll_usb.o
                0x08005e84                USB_SetDevAddress
 .text.USB_DevConnect
                0x08005ed0       0x42 ./Drivers/STM32H7xx_HAL_Driver/Src/stm32h7xx_ll_usb.o
                0x08005ed0                USB_DevConnect
 .text.USB_DevDisconnect
                0x08005f12       0x42 ./Drivers/STM32H7xx_HAL_Driver/Src/stm32h7xx_ll_usb.o
                0x08005f12                USB_DevDisconnect
 .text.USB_ReadInterrupts
                0x08005f54       0x26 ./Drivers/STM32H7xx_HAL_Driver/Src/stm32h7xx_ll_usb.o
                0x08005f54                USB_ReadInterrupts
 .text.USB_ReadDevAllOutEpInterrupt
                0x08005f7a       0x34 ./Drivers/STM32H7xx_HAL_Driver/Src/stm32h7xx_ll_usb.o
                0x08005f7a                USB_ReadDevAllOutEpInterrupt
 .text.USB_ReadDevAllInEpInterrupt
                0x08005fae       0x34 ./Drivers/STM32H7xx_HAL_Driver/Src/stm32h7xx_ll_usb.o
                0x08005fae                USB_ReadDevAllInEpInterrupt
 .text.USB_ReadDevOutEPInterrupt
                0x08005fe2       0x3c ./Drivers/STM32H7xx_HAL_Driver/Src/stm32h7xx_ll_usb.o
                0x08005fe2                USB_ReadDevOutEPInterrupt
 .text.USB_ReadDevInEPInterrupt
                0x0800601e       0x5c ./Drivers/STM32H7xx_HAL_Driver/Src/stm32h7xx_ll_usb.o
                0x0800601e                USB_ReadDevInEPInterrupt
 .text.USB_GetMode
                0x0800607a       0x1c ./Drivers/STM32H7xx_HAL_Driver/Src/stm32h7xx_ll_usb.o
                0x0800607a                USB_GetMode
 *fill*         0x08006096        0x2 
 .text.USB_ActivateSetup
                0x08006098       0x48 ./Drivers/STM32H7xx_HAL_Driver/Src/stm32h7xx_ll_usb.o
                0x08006098                USB_ActivateSetup
 .text.USB_EP0_OutStart
                0x080060e0       0xbc ./Drivers/STM32H7xx_HAL_Driver/Src/stm32h7xx_ll_usb.o
                0x080060e0                USB_EP0_OutStart
 .text.USB_CoreReset
                0x0800619c       0x62 ./Drivers/STM32H7xx_HAL_Driver/Src/stm32h7xx_ll_usb.o
 *fill*         0x080061fe        0x2 
 .text.__NVIC_SystemReset
                0x08006200       0x2c ./Middlewares/ST/STM32_USB_Device_Library/Class/DFU/Src/usbd_dfu.o
 .text.USBD_DFU_Init
                0x0800622c      0x100 ./Middlewares/ST/STM32_USB_Device_Library/Class/DFU/Src/usbd_dfu.o
 .text.USBD_DFU_DeInit
                0x0800632c       0xb2 ./Middlewares/ST/STM32_USB_Device_Library/Class/DFU/Src/usbd_dfu.o
 *fill*         0x080063de        0x2 
 .text.USBD_GetMSDescriptor
                0x080063e0       0xdc ./Middlewares/ST/STM32_USB_Device_Library/Class/DFU/Src/usbd_dfu.o
 .text.USBD_DFU_Setup
                0x080064bc      0x234 ./Middlewares/ST/STM32_USB_Device_Library/Class/DFU/Src/usbd_dfu.o
 .text.USBD_DFU_GetCfgDesc
                0x080066f0       0x20 ./Middlewares/ST/STM32_USB_Device_Library/Class/DFU/Src/usbd_dfu.o
 .text.USBD_DFU_EP0_RxReady
                0x08006710       0x16 ./Middlewares/ST/STM32_USB_Device_Library/Class/DFU/Src/usbd_dfu.o
 .text.USBD_DFU_EP0_TxReady
                0x08006726      0x278 ./Middlewares/ST/STM32_USB_Device_Library/Class/DFU/Src/usbd_dfu.o
 .text.USBD_DFU_SOF
                0x0800699e       0x16 ./Middlewares/ST/STM32_USB_Device_Library/Class/DFU/Src/usbd_dfu.o
 .text.USBD_DFU_GetDeviceQualifierDesc
                0x080069b4       0x20 ./Middlewares/ST/STM32_USB_Device_Library/Class/DFU/Src/usbd_dfu.o
 .text.USBD_DFU_GetUsrStringDesc
                0x080069d4       0x60 ./Middlewares/ST/STM32_USB_Device_Library/Class/DFU/Src/usbd_dfu.o
 .text.USBD_DFU_RegisterMedia
                0x08006a34       0x34 ./Middlewares/ST/STM32_USB_Device_Library/Class/DFU/Src/usbd_dfu.o
                0x08006a34                USBD_DFU_RegisterMedia
 .text.DFU_Detach
                0x08006a68      0x102 ./Middlewares/ST/STM32_USB_Device_Library/Class/DFU/Src/usbd_dfu.o
 .text.DFU_Download
                0x08006b6a      0x10e ./Middlewares/ST/STM32_USB_Device_Library/Class/DFU/Src/usbd_dfu.o
 .text.DFU_Upload
                0x08006c78      0x26a ./Middlewares/ST/STM32_USB_Device_Library/Class/DFU/Src/usbd_dfu.o
 .text.DFU_GetStatus
                0x08006ee2      0x1e0 ./Middlewares/ST/STM32_USB_Device_Library/Class/DFU/Src/usbd_dfu.o
 .text.DFU_ClearStatus
                0x080070c2       0xd2 ./Middlewares/ST/STM32_USB_Device_Library/Class/DFU/Src/usbd_dfu.o
 .text.DFU_GetState
                0x08007194       0x3a ./Middlewares/ST/STM32_USB_Device_Library/Class/DFU/Src/usbd_dfu.o
 .text.DFU_Abort
                0x080071ce       0xcc ./Middlewares/ST/STM32_USB_Device_Library/Class/DFU/Src/usbd_dfu.o
 .text.DFU_Leave
                0x0800729a       0xe4 ./Middlewares/ST/STM32_USB_Device_Library/Class/DFU/Src/usbd_dfu.o
 .text.USBD_DFU_GetDfuFuncDesc
                0x0800737e       0x5c ./Middlewares/ST/STM32_USB_Device_Library/Class/DFU/Src/usbd_dfu.o
 .text.USBD_Init
                0x080073da       0x60 ./Middlewares/ST/STM32_USB_Device_Library/Core/Src/usbd_core.o
                0x080073da                USBD_Init
 .text.USBD_RegisterClass
                0x0800743a       0x6c ./Middlewares/ST/STM32_USB_Device_Library/Core/Src/usbd_core.o
                0x0800743a                USBD_RegisterClass
 .text.USBD_Start
                0x080074a6       0x18 ./Middlewares/ST/STM32_USB_Device_Library/Core/Src/usbd_core.o
                0x080074a6                USBD_Start
 .text.USBD_Stop
                0x080074be       0x36 ./Middlewares/ST/STM32_USB_Device_Library/Core/Src/usbd_core.o
                0x080074be                USBD_Stop
 .text.USBD_RunTestMode
                0x080074f4       0x16 ./Middlewares/ST/STM32_USB_Device_Library/Core/Src/usbd_core.o
                0x080074f4                USBD_RunTestMode
 .text.USBD_SetClassConfig
                0x0800750a       0x38 ./Middlewares/ST/STM32_USB_Device_Library/Core/Src/usbd_core.o
                0x0800750a                USBD_SetClassConfig
 .text.USBD_ClrClassConfig
                0x08007542       0x34 ./Middlewares/ST/STM32_USB_Device_Library/Core/Src/usbd_core.o
                0x08007542                USBD_ClrClassConfig
 .text.USBD_LL_SetupStage
                0x08007576       0xaa ./Middlewares/ST/STM32_USB_Device_Library/Core/Src/usbd_core.o
                0x08007576                USBD_LL_SetupStage
 .text.USBD_LL_DataOutStage
                0x08007620      0x166 ./Middlewares/ST/STM32_USB_Device_Library/Core/Src/usbd_core.o
                0x08007620                USBD_LL_DataOutStage
 .text.USBD_LL_DataInStage
                0x08007786      0x164 ./Middlewares/ST/STM32_USB_Device_Library/Core/Src/usbd_core.o
                0x08007786                USBD_LL_DataInStage
 .text.USBD_LL_Reset
                0x080078ea       0xa4 ./Middlewares/ST/STM32_USB_Device_Library/Core/Src/usbd_core.o
                0x080078ea                USBD_LL_Reset
 .text.USBD_LL_SetSpeed
                0x0800798e       0x20 ./Middlewares/ST/STM32_USB_Device_Library/Core/Src/usbd_core.o
                0x0800798e                USBD_LL_SetSpeed
 .text.USBD_LL_Suspend
                0x080079ae       0x38 ./Middlewares/ST/STM32_USB_Device_Library/Core/Src/usbd_core.o
                0x080079ae                USBD_LL_Suspend
 .text.USBD_LL_Resume
                0x080079e6       0x30 ./Middlewares/ST/STM32_USB_Device_Library/Core/Src/usbd_core.o
                0x080079e6                USBD_LL_Resume
 .text.USBD_LL_SOF
                0x08007a16       0x40 ./Middlewares/ST/STM32_USB_Device_Library/Core/Src/usbd_core.o
                0x08007a16                USBD_LL_SOF
 .text.USBD_LL_IsoINIncomplete
                0x08007a56       0x64 ./Middlewares/ST/STM32_USB_Device_Library/Core/Src/usbd_core.o
                0x08007a56                USBD_LL_IsoINIncomplete
 .text.USBD_LL_IsoOUTIncomplete
                0x08007aba       0x64 ./Middlewares/ST/STM32_USB_Device_Library/Core/Src/usbd_core.o
                0x08007aba                USBD_LL_IsoOUTIncomplete
 .text.USBD_LL_DevConnected
                0x08007b1e       0x16 ./Middlewares/ST/STM32_USB_Device_Library/Core/Src/usbd_core.o
                0x08007b1e                USBD_LL_DevConnected
 .text.USBD_LL_DevDisconnected
                0x08007b34       0x46 ./Middlewares/ST/STM32_USB_Device_Library/Core/Src/usbd_core.o
                0x08007b34                USBD_LL_DevDisconnected
 .text.USBD_CoreFindIF
                0x08007b7a       0x1a ./Middlewares/ST/STM32_USB_Device_Library/Core/Src/usbd_core.o
                0x08007b7a                USBD_CoreFindIF
 .text.USBD_CoreFindEP
                0x08007b94       0x1a ./Middlewares/ST/STM32_USB_Device_Library/Core/Src/usbd_core.o
                0x08007b94                USBD_CoreFindEP
 .text.USBD_GetNextDesc
                0x08007bae       0x38 ./Middlewares/ST/STM32_USB_Device_Library/Core/Src/usbd_core.o
                0x08007bae                USBD_GetNextDesc
 .text.SWAPBYTE
                0x08007be6       0x3c ./Middlewares/ST/STM32_USB_Device_Library/Core/Src/usbd_ctlreq.o
 *fill*         0x08007c22        0x2 
 .text.USBD_StdDevReq
                0x08007c24       0xe4 ./Middlewares/ST/STM32_USB_Device_Library/Core/Src/usbd_ctlreq.o
                0x08007c24                USBD_StdDevReq
 .text.USBD_StdItfReq
                0x08007d08       0xd8 ./Middlewares/ST/STM32_USB_Device_Library/Core/Src/usbd_ctlreq.o
                0x08007d08                USBD_StdItfReq
 .text.USBD_StdEPReq
                0x08007de0      0x33a ./Middlewares/ST/STM32_USB_Device_Library/Core/Src/usbd_ctlreq.o
                0x08007de0                USBD_StdEPReq
 *fill*         0x0800811a        0x2 
 .text.USBD_GetDescriptor
                0x0800811c      0x374 ./Middlewares/ST/STM32_USB_Device_Library/Core/Src/usbd_ctlreq.o
 .text.USBD_SetAddress
                0x08008490       0x88 ./Middlewares/ST/STM32_USB_Device_Library/Core/Src/usbd_ctlreq.o
 .text.USBD_SetConfig
                0x08008518      0x154 ./Middlewares/ST/STM32_USB_Device_Library/Core/Src/usbd_ctlreq.o
 .text.USBD_GetConfig
                0x0800866c       0x6c ./Middlewares/ST/STM32_USB_Device_Library/Core/Src/usbd_ctlreq.o
 .text.USBD_GetStatus
                0x080086d8       0x68 ./Middlewares/ST/STM32_USB_Device_Library/Core/Src/usbd_ctlreq.o
 .text.USBD_SetFeature
                0x08008740       0x52 ./Middlewares/ST/STM32_USB_Device_Library/Core/Src/usbd_ctlreq.o
 .text.USBD_ClrFeature
                0x08008792       0x44 ./Middlewares/ST/STM32_USB_Device_Library/Core/Src/usbd_ctlreq.o
 .text.USBD_ParseSetupRequest
                0x080087d6       0x74 ./Middlewares/ST/STM32_USB_Device_Library/Core/Src/usbd_ctlreq.o
                0x080087d6                USBD_ParseSetupRequest
 .text.USBD_CtlError
                0x0800884a       0x22 ./Middlewares/ST/STM32_USB_Device_Library/Core/Src/usbd_ctlreq.o
                0x0800884a                USBD_CtlError
 .text.USBD_GetString
                0x0800886c       0xa4 ./Middlewares/ST/STM32_USB_Device_Library/Core/Src/usbd_ctlreq.o
                0x0800886c                USBD_GetString
 .text.USBD_GetLen
                0x08008910       0x34 ./Middlewares/ST/STM32_USB_Device_Library/Core/Src/usbd_ctlreq.o
 .text.USBD_CtlSendData
                0x08008944       0x36 ./Middlewares/ST/STM32_USB_Device_Library/Core/Src/usbd_ioreq.o
                0x08008944                USBD_CtlSendData
 .text.USBD_CtlContinueSendData
                0x0800897a       0x22 ./Middlewares/ST/STM32_USB_Device_Library/Core/Src/usbd_ioreq.o
                0x0800897a                USBD_CtlContinueSendData
 .text.USBD_CtlPrepareRx
                0x0800899c       0x3a ./Middlewares/ST/STM32_USB_Device_Library/Core/Src/usbd_ioreq.o
                0x0800899c                USBD_CtlPrepareRx
 .text.USBD_CtlContinueRx
                0x080089d6       0x22 ./Middlewares/ST/STM32_USB_Device_Library/Core/Src/usbd_ioreq.o
                0x080089d6                USBD_CtlContinueRx
 .text.USBD_CtlSendStatus
                0x080089f8       0x26 ./Middlewares/ST/STM32_USB_Device_Library/Core/Src/usbd_ioreq.o
                0x080089f8                USBD_CtlSendStatus
 .text.USBD_CtlReceiveStatus
                0x08008a1e       0x26 ./Middlewares/ST/STM32_USB_Device_Library/Core/Src/usbd_ioreq.o
                0x08008a1e                USBD_CtlReceiveStatus
 .text.MX_USB_DEVICE_Init
                0x08008a44       0x64 ./USB_DEVICE/App/usb_device.o
                0x08008a44                MX_USB_DEVICE_Init
 .text.USBD_HS_DeviceDescriptor
                0x08008aa8       0x24 ./USB_DEVICE/App/usbd_desc.o
                0x08008aa8                USBD_HS_DeviceDescriptor
 .text.USBD_HS_LangIDStrDescriptor
                0x08008acc       0x24 ./USB_DEVICE/App/usbd_desc.o
                0x08008acc                USBD_HS_LangIDStrDescriptor
 .text.USBD_HS_ProductStrDescriptor
                0x08008af0       0x3c ./USB_DEVICE/App/usbd_desc.o
                0x08008af0                USBD_HS_ProductStrDescriptor
 .text.USBD_HS_ManufacturerStrDescriptor
                0x08008b2c       0x28 ./USB_DEVICE/App/usbd_desc.o
                0x08008b2c                USBD_HS_ManufacturerStrDescriptor
 .text.USBD_HS_SerialStrDescriptor
                0x08008b54       0x24 ./USB_DEVICE/App/usbd_desc.o
                0x08008b54                USBD_HS_SerialStrDescriptor
 .text.USBD_HS_ConfigStrDescriptor
                0x08008b78       0x3c ./USB_DEVICE/App/usbd_desc.o
                0x08008b78                USBD_HS_ConfigStrDescriptor
 .text.USBD_HS_InterfaceStrDescriptor
                0x08008bb4       0x3c ./USB_DEVICE/App/usbd_desc.o
                0x08008bb4                USBD_HS_InterfaceStrDescriptor
 .text.Get_SerialNum
                0x08008bf0       0x58 ./USB_DEVICE/App/usbd_desc.o
 .text.IntToUnicode
                0x08008c48       0x7e ./USB_DEVICE/App/usbd_desc.o
 .text.MEM_If_Init_HS
                0x08008cc6        0xe ./USB_DEVICE/App/usbd_dfu_if.o
 .text.MEM_If_DeInit_HS
                0x08008cd4        0xe ./USB_DEVICE/App/usbd_dfu_if.o
 .text.MEM_If_Erase_HS
                0x08008ce2       0x64 ./USB_DEVICE/App/usbd_dfu_if.o
 .text.MEM_If_Write_HS
                0x08008d46       0x84 ./USB_DEVICE/App/usbd_dfu_if.o
 .text.MEM_If_Read_HS
                0x08008dca       0x44 ./USB_DEVICE/App/usbd_dfu_if.o
 .text.MEM_If_GetStatus_HS
                0x08008e0e       0x5c ./USB_DEVICE/App/usbd_dfu_if.o
 .text.convertAddressToSector
                0x08008e6a       0x34 ./USB_DEVICE/App/usbd_dfu_if.o
                0x08008e6a                convertAddressToSector
 *fill*         0x08008e9e        0x2 
 .text.HAL_PCD_MspInit
                0x08008ea0      0x108 ./USB_DEVICE/Target/usbd_conf.o
                0x08008ea0                HAL_PCD_MspInit
 .text.HAL_PCD_SetupStageCallback
                0x08008fa8       0x24 ./USB_DEVICE/Target/usbd_conf.o
                0x08008fa8                HAL_PCD_SetupStageCallback
 .text.HAL_PCD_DataOutStageCallback
                0x08008fcc       0x36 ./USB_DEVICE/Target/usbd_conf.o
                0x08008fcc                HAL_PCD_DataOutStageCallback
 .text.HAL_PCD_DataInStageCallback
                0x08009002       0x34 ./USB_DEVICE/Target/usbd_conf.o
                0x08009002                HAL_PCD_DataInStageCallback
 .text.HAL_PCD_SOFCallback
                0x08009036       0x1c ./USB_DEVICE/Target/usbd_conf.o
                0x08009036                HAL_PCD_SOFCallback
 .text.HAL_PCD_ResetCallback
                0x08009052       0x50 ./USB_DEVICE/Target/usbd_conf.o
                0x08009052                HAL_PCD_ResetCallback
 *fill*         0x080090a2        0x2 
 .text.HAL_PCD_SuspendCallback
                0x080090a4       0x4c ./USB_DEVICE/Target/usbd_conf.o
                0x080090a4                HAL_PCD_SuspendCallback
 .text.HAL_PCD_ResumeCallback
                0x080090f0       0x1c ./USB_DEVICE/Target/usbd_conf.o
                0x080090f0                HAL_PCD_ResumeCallback
 .text.HAL_PCD_ISOOUTIncompleteCallback
                0x0800910c       0x24 ./USB_DEVICE/Target/usbd_conf.o
                0x0800910c                HAL_PCD_ISOOUTIncompleteCallback
 .text.HAL_PCD_ISOINIncompleteCallback
                0x08009130       0x24 ./USB_DEVICE/Target/usbd_conf.o
                0x08009130                HAL_PCD_ISOINIncompleteCallback
 .text.HAL_PCD_ConnectCallback
                0x08009154       0x1c ./USB_DEVICE/Target/usbd_conf.o
                0x08009154                HAL_PCD_ConnectCallback
 .text.HAL_PCD_DisconnectCallback
                0x08009170       0x1c ./USB_DEVICE/Target/usbd_conf.o
                0x08009170                HAL_PCD_DisconnectCallback
 .text.USBD_LL_Init
                0x0800918c       0xa4 ./USB_DEVICE/Target/usbd_conf.o
                0x0800918c                USBD_LL_Init
 .text.USBD_LL_Start
                0x08009230       0x36 ./USB_DEVICE/Target/usbd_conf.o
                0x08009230                USBD_LL_Start
 .text.USBD_LL_Stop
                0x08009266       0x36 ./USB_DEVICE/Target/usbd_conf.o
                0x08009266                USBD_LL_Stop
 .text.USBD_LL_OpenEP
                0x0800929c       0x4c ./USB_DEVICE/Target/usbd_conf.o
                0x0800929c                USBD_LL_OpenEP
 .text.USBD_LL_StallEP
                0x080092e8       0x3e ./USB_DEVICE/Target/usbd_conf.o
                0x080092e8                USBD_LL_StallEP
 .text.USBD_LL_ClearStallEP
                0x08009326       0x3e ./USB_DEVICE/Target/usbd_conf.o
                0x08009326                USBD_LL_ClearStallEP
 .text.USBD_LL_IsStallEP
                0x08009364       0x58 ./USB_DEVICE/Target/usbd_conf.o
                0x08009364                USBD_LL_IsStallEP
 .text.USBD_LL_SetUSBAddress
                0x080093bc       0x3e ./USB_DEVICE/Target/usbd_conf.o
                0x080093bc                USBD_LL_SetUSBAddress
 .text.USBD_LL_Transmit
                0x080093fa       0x42 ./USB_DEVICE/Target/usbd_conf.o
                0x080093fa                USBD_LL_Transmit
 .text.USBD_LL_PrepareReceive
                0x0800943c       0x42 ./USB_DEVICE/Target/usbd_conf.o
                0x0800943c                USBD_LL_PrepareReceive
 *fill*         0x0800947e        0x2 
 .text.USBD_static_malloc
                0x08009480       0x1c ./USB_DEVICE/Target/usbd_conf.o
                0x08009480                USBD_static_malloc
 .text.USBD_static_free
                0x0800949c       0x14 ./USB_DEVICE/Target/usbd_conf.o
                0x0800949c                USBD_static_free
 .text.USBD_Get_USB_Status
                0x080094b0       0x58 ./USB_DEVICE/Target/usbd_conf.o
                0x080094b0                USBD_Get_USB_Status
 .text.memset   0x08009508       0x10 C:/ST/STM32CubeIDE_1.16.0/STM32CubeIDE/plugins/com.st.stm32cube.ide.mcu.externaltools.gnu-tools-for-stm32.12.3.rel1.win32_1.0.200.202406191623/tools/bin/../lib/gcc/arm-none-eabi/12.3.1/../../../../arm-none-eabi/lib/thumb/v7e-m+dp/hard\libc_nano.a(libc_a-memset.o)
                0x08009508                memset
 .text.__libc_init_array
                0x08009518       0x48 C:/ST/STM32CubeIDE_1.16.0/STM32CubeIDE/plugins/com.st.stm32cube.ide.mcu.externaltools.gnu-tools-for-stm32.12.3.rel1.win32_1.0.200.202406191623/tools/bin/../lib/gcc/arm-none-eabi/12.3.1/../../../../arm-none-eabi/lib/thumb/v7e-m+dp/hard\libc_nano.a(libc_a-init.o)
                0x08009518                __libc_init_array
 *(.glue_7)
 .glue_7        0x08009560        0x0 linker stubs
 *(.glue_7t)
 .glue_7t       0x08009560        0x0 linker stubs
 *(.eh_frame)
 .eh_frame      0x08009560        0x0 C:/ST/STM32CubeIDE_1.16.0/STM32CubeIDE/plugins/com.st.stm32cube.ide.mcu.externaltools.gnu-tools-for-stm32.12.3.rel1.win32_1.0.200.202406191623/tools/bin/../lib/gcc/arm-none-eabi/12.3.1/thumb/v7e-m+dp/hard/crtbegin.o
 *(.init)
 .init          0x08009560        0x4 C:/ST/STM32CubeIDE_1.16.0/STM32CubeIDE/plugins/com.st.stm32cube.ide.mcu.externaltools.gnu-tools-for-stm32.12.3.rel1.win32_1.0.200.202406191623/tools/bin/../lib/gcc/arm-none-eabi/12.3.1/thumb/v7e-m+dp/hard/crti.o
                0x08009560                _init
 .init          0x08009564        0x8 C:/ST/STM32CubeIDE_1.16.0/STM32CubeIDE/plugins/com.st.stm32cube.ide.mcu.externaltools.gnu-tools-for-stm32.12.3.rel1.win32_1.0.200.202406191623/tools/bin/../lib/gcc/arm-none-eabi/12.3.1/thumb/v7e-m+dp/hard/crtn.o
 *(.fini)
 .fini          0x0800956c        0x4 C:/ST/STM32CubeIDE_1.16.0/STM32CubeIDE/plugins/com.st.stm32cube.ide.mcu.externaltools.gnu-tools-for-stm32.12.3.rel1.win32_1.0.200.202406191623/tools/bin/../lib/gcc/arm-none-eabi/12.3.1/thumb/v7e-m+dp/hard/crti.o
                0x0800956c                _fini
 .fini          0x08009570        0x8 C:/ST/STM32CubeIDE_1.16.0/STM32CubeIDE/plugins/com.st.stm32cube.ide.mcu.externaltools.gnu-tools-for-stm32.12.3.rel1.win32_1.0.200.202406191623/tools/bin/../lib/gcc/arm-none-eabi/12.3.1/thumb/v7e-m+dp/hard/crtn.o
                0x08009578                        . = ALIGN (0x4)
                0x08009578                        _etext = .

.vfp11_veneer   0x08009578        0x0
 .vfp11_veneer  0x08009578        0x0 linker stubs

.v4_bx          0x08009578        0x0
 .v4_bx         0x08009578        0x0 linker stubs

.iplt           0x08009578        0x0
 .iplt          0x08009578        0x0 C:/ST/STM32CubeIDE_1.16.0/STM32CubeIDE/plugins/com.st.stm32cube.ide.mcu.externaltools.gnu-tools-for-stm32.12.3.rel1.win32_1.0.200.202406191623/tools/bin/../lib/gcc/arm-none-eabi/12.3.1/thumb/v7e-m+dp/hard/crtbegin.o

.rodata         0x08009578       0xbc
                0x08009578                        . = ALIGN (0x4)
 *(.rodata)
 .rodata        0x08009578       0x3e ./USB_DEVICE/App/usbd_desc.o
 *fill*         0x080095b6        0x2 
 .rodata        0x080095b8       0x6c ./USB_DEVICE/App/usbd_dfu_if.o
 *(.rodata*)
 .rodata.D1CorePrescTable
                0x08009624       0x10 ./Core/Src/system_stm32h7xx.o
                0x08009624                D1CorePrescTable
                0x08009634                        . = ALIGN (0x4)

.ARM.extab
 *(.ARM.extab* .gnu.linkonce.armextab.*)

.ARM            0x08009634        0x0
                0x08009634                        __exidx_start = .
 *(.ARM.exidx*)
                0x08009634                        __exidx_end = .

.preinit_array  0x08009634        0x0
                0x08009634                        PROVIDE (__preinit_array_start = .)
 *(.preinit_array*)
                0x08009634                        PROVIDE (__preinit_array_end = .)

.init_array     0x08009634        0x4
                0x08009634                        PROVIDE (__init_array_start = .)
 *(SORT_BY_NAME(.init_array.*))
 *(.init_array*)
 .init_array    0x08009634        0x4 C:/ST/STM32CubeIDE_1.16.0/STM32CubeIDE/plugins/com.st.stm32cube.ide.mcu.externaltools.gnu-tools-for-stm32.12.3.rel1.win32_1.0.200.202406191623/tools/bin/../lib/gcc/arm-none-eabi/12.3.1/thumb/v7e-m+dp/hard/crtbegin.o
                0x08009638                        PROVIDE (__init_array_end = .)

.fini_array     0x08009638        0x4
                [!provide]                        PROVIDE (__fini_array_start = .)
 *(SORT_BY_NAME(.fini_array.*))
 *(.fini_array*)
 .fini_array    0x08009638        0x4 C:/ST/STM32CubeIDE_1.16.0/STM32CubeIDE/plugins/com.st.stm32cube.ide.mcu.externaltools.gnu-tools-for-stm32.12.3.rel1.win32_1.0.200.202406191623/tools/bin/../lib/gcc/arm-none-eabi/12.3.1/thumb/v7e-m+dp/hard/crtbegin.o
                [!provide]                        PROVIDE (__fini_array_end = .)
                0x0800963c                        _sidata = LOADADDR (.data)

.rel.dyn        0x0800963c        0x0
 .rel.iplt      0x0800963c        0x0 C:/ST/STM32CubeIDE_1.16.0/STM32CubeIDE/plugins/com.st.stm32cube.ide.mcu.externaltools.gnu-tools-for-stm32.12.3.rel1.win32_1.0.200.202406191623/tools/bin/../lib/gcc/arm-none-eabi/12.3.1/thumb/v7e-m+dp/hard/crtbegin.o

.data           0x24000000      0x1b0 load address 0x0800963c
                0x24000000                        . = ALIGN (0x4)
                0x24000000                        _sdata = .
 *(.data)
 *(.data*)
 .data.SystemCoreClock
                0x24000000        0x4 ./Core/Src/system_stm32h7xx.o
                0x24000000                SystemCoreClock
 .data.SystemD2Clock
                0x24000004        0x4 ./Core/Src/system_stm32h7xx.o
                0x24000004                SystemD2Clock
 .data.uwTickPrio
                0x24000008        0x4 ./Drivers/STM32H7xx_HAL_Driver/Src/stm32h7xx_hal.o
                0x24000008                uwTickPrio
 .data.uwTickFreq
                0x2400000c        0x1 ./Drivers/STM32H7xx_HAL_Driver/Src/stm32h7xx_hal.o
                0x2400000c                uwTickFreq
 *fill*         0x2400000d        0x3 
 .data.USBD_DFU
                0x24000010       0x3c ./Middlewares/ST/STM32_USB_Device_Library/Class/DFU/Src/usbd_dfu.o
                0x24000010                USBD_DFU
 .data.USBD_DFU_CfgDesc
                0x2400004c       0x1b ./Middlewares/ST/STM32_USB_Device_Library/Class/DFU/Src/usbd_dfu.o
 *fill*         0x24000067        0x1 
 .data.USBD_DFU_DeviceQualifierDesc
                0x24000068        0xa ./Middlewares/ST/STM32_USB_Device_Library/Class/DFU/Src/usbd_dfu.o
 *fill*         0x24000072        0x2 
 .data.EXTEND_COMPACT_ID_OS_FEAT_DESC
                0x24000074       0x28 ./Middlewares/ST/STM32_USB_Device_Library/Class/DFU/Src/usbd_dfu.o
 .data.EXTEND_PROPERTIES_OS_FEAT_DESC
                0x2400009c       0x8e ./Middlewares/ST/STM32_USB_Device_Library/Class/DFU/Src/usbd_dfu.o
 *fill*         0x2400012a        0x2 
 .data.USBD_OS_STRING_DESC
                0x2400012c       0x12 ./Middlewares/ST/STM32_USB_Device_Library/Class/DFU/Src/usbd_dfu.o
                0x2400012c                USBD_OS_STRING_DESC
 *fill*         0x2400013e        0x2 
 .data.HS_Desc  0x24000140       0x20 ./USB_DEVICE/App/usbd_desc.o
                0x24000140                HS_Desc
 .data.USBD_HS_DeviceDesc
                0x24000160       0x12 ./USB_DEVICE/App/usbd_desc.o
                0x24000160                USBD_HS_DeviceDesc
 *fill*         0x24000172        0x2 
 .data.USBD_LangIDDesc
                0x24000174        0x4 ./USB_DEVICE/App/usbd_desc.o
                0x24000174                USBD_LangIDDesc
 .data.USBD_StringSerial
                0x24000178       0x1a ./USB_DEVICE/App/usbd_desc.o
                0x24000178                USBD_StringSerial
 *fill*         0x24000192        0x2 
 .data.USBD_DFU_fops_HS
                0x24000194       0x1c ./USB_DEVICE/App/usbd_dfu_if.o
                0x24000194                USBD_DFU_fops_HS
 *(.RamFunc)
 *(.RamFunc*)
                0x240001b0                        . = ALIGN (0x4)
                0x240001b0                        _edata = .

.igot.plt       0x240001b0        0x0 load address 0x080097ec
 .igot.plt      0x240001b0        0x0 C:/ST/STM32CubeIDE_1.16.0/STM32CubeIDE/plugins/com.st.stm32cube.ide.mcu.externaltools.gnu-tools-for-stm32.12.3.rel1.win32_1.0.200.202406191623/tools/bin/../lib/gcc/arm-none-eabi/12.3.1/thumb/v7e-m+dp/hard/crtbegin.o
                0x240001b0                        . = ALIGN (0x4)

.bss            0x240001b0     0x1b20 load address 0x080097ec
                0x240001b0                        _sbss = .
                0x240001b0                        __bss_start__ = _sbss
 *(.bss)
 .bss           0x240001b0       0x1c C:/ST/STM32CubeIDE_1.16.0/STM32CubeIDE/plugins/com.st.stm32cube.ide.mcu.externaltools.gnu-tools-for-stm32.12.3.rel1.win32_1.0.200.202406191623/tools/bin/../lib/gcc/arm-none-eabi/12.3.1/thumb/v7e-m+dp/hard/crtbegin.o
 *(.bss*)
 .bss.uwTick    0x240001cc        0x4 ./Drivers/STM32H7xx_HAL_Driver/Src/stm32h7xx_hal.o
                0x240001cc                uwTick
 .bss.pFlash    0x240001d0       0x1c ./Drivers/STM32H7xx_HAL_Driver/Src/stm32h7xx_hal_flash.o
                0x240001d0                pFlash
 .bss.USBD_StrDesc.0
                0x240001ec       0xff ./Middlewares/ST/STM32_USB_Device_Library/Class/DFU/Src/usbd_dfu.o
 .bss.cfgidx.0  0x240002eb        0x1 ./Middlewares/ST/STM32_USB_Device_Library/Core/Src/usbd_ctlreq.o
 .bss.hUsbDeviceHS
                0x240002ec      0x2dc ./USB_DEVICE/App/usb_device.o
                0x240002ec                hUsbDeviceHS
 .bss.USBD_StrDesc
                0x240005c8      0x200 ./USB_DEVICE/App/usbd_desc.o
                0x240005c8                USBD_StrDesc
 .bss.hpcd_USB_OTG_HS
                0x240007c8      0x4e4 ./USB_DEVICE/Target/usbd_conf.o
                0x240007c8                hpcd_USB_OTG_HS
 .bss.mem.0     0x24000cac     0x1024 ./USB_DEVICE/Target/usbd_conf.o
 *(COMMON)
                0x24001cd0                        . = ALIGN (0x4)
                0x24001cd0                        _ebss = .
                0x24001cd0                        __bss_end__ = _ebss

._user_heap_stack
                0x24001cd0      0x600 load address 0x080097ec
                0x24001cd0                        . = ALIGN (0x8)
                [!provide]                        PROVIDE (end = .)
                0x24001cd0                        PROVIDE (_end = .)
                0x24001ed0                        . = (. + _Min_Heap_Size)
 *fill*         0x24001cd0      0x200 
                0x240022d0                        . = (. + _Min_Stack_Size)
 *fill*         0x24001ed0      0x400 
                0x240022d0                        . = ALIGN (0x8)

/DISCARD/
 libc.a(*)
 libm.a(*)
 libgcc.a(*)

.ARM.attributes
                0x00000000       0x2e
 *(.ARM.attributes)
 .ARM.attributes
                0x00000000       0x20 C:/ST/STM32CubeIDE_1.16.0/STM32CubeIDE/plugins/com.st.stm32cube.ide.mcu.externaltools.gnu-tools-for-stm32.12.3.rel1.win32_1.0.200.202406191623/tools/bin/../lib/gcc/arm-none-eabi/12.3.1/thumb/v7e-m+dp/hard/crti.o
 .ARM.attributes
                0x00000020       0x32 C:/ST/STM32CubeIDE_1.16.0/STM32CubeIDE/plugins/com.st.stm32cube.ide.mcu.externaltools.gnu-tools-for-stm32.12.3.rel1.win32_1.0.200.202406191623/tools/bin/../lib/gcc/arm-none-eabi/12.3.1/thumb/v7e-m+dp/hard/crtbegin.o
 .ARM.attributes
                0x00000052       0x32 ./Core/Src/main.o
 .ARM.attributes
                0x00000084       0x32 ./Core/Src/stm32h7xx_hal_msp.o
 .ARM.attributes
                0x000000b6       0x32 ./Core/Src/stm32h7xx_it.o
 .ARM.attributes
                0x000000e8       0x32 ./Core/Src/system_stm32h7xx.o
 .ARM.attributes
                0x0000011a       0x21 ./Core/Startup/startup_stm32h723zgtx.o
 .ARM.attributes
                0x0000013b       0x32 ./Drivers/STM32H7xx_HAL_Driver/Src/stm32h7xx_hal.o
 .ARM.attributes
                0x0000016d       0x32 ./Drivers/STM32H7xx_HAL_Driver/Src/stm32h7xx_hal_cortex.o
 .ARM.attributes
                0x0000019f       0x32 ./Drivers/STM32H7xx_HAL_Driver/Src/stm32h7xx_hal_flash.o
 .ARM.attributes
                0x000001d1       0x32 ./Drivers/STM32H7xx_HAL_Driver/Src/stm32h7xx_hal_flash_ex.o
 .ARM.attributes
                0x00000203       0x32 ./Drivers/STM32H7xx_HAL_Driver/Src/stm32h7xx_hal_gpio.o
 .ARM.attributes
                0x00000235       0x32 ./Drivers/STM32H7xx_HAL_Driver/Src/stm32h7xx_hal_pcd.o
 .ARM.attributes
                0x00000267       0x32 ./Drivers/STM32H7xx_HAL_Driver/Src/stm32h7xx_hal_pcd_ex.o
 .ARM.attributes
                0x00000299       0x32 ./Drivers/STM32H7xx_HAL_Driver/Src/stm32h7xx_hal_pwr_ex.o
 .ARM.attributes
                0x000002cb       0x32 ./Drivers/STM32H7xx_HAL_Driver/Src/stm32h7xx_hal_rcc.o
 .ARM.attributes
                0x000002fd       0x32 ./Drivers/STM32H7xx_HAL_Driver/Src/stm32h7xx_hal_rcc_ex.o
 .ARM.attributes
                0x0000032f       0x32 ./Drivers/STM32H7xx_HAL_Driver/Src/stm32h7xx_ll_usb.o
 .ARM.attributes
                0x00000361       0x32 ./Middlewares/ST/STM32_USB_Device_Library/Class/DFU/Src/usbd_dfu.o
 .ARM.attributes
                0x00000393       0x32 ./Middlewares/ST/STM32_USB_Device_Library/Core/Src/usbd_core.o
 .ARM.attributes
                0x000003c5       0x32 ./Middlewares/ST/STM32_USB_Device_Library/Core/Src/usbd_ctlreq.o
 .ARM.attributes
                0x000003f7       0x32 ./Middlewares/ST/STM32_USB_Device_Library/Core/Src/usbd_ioreq.o
 .ARM.attributes
                0x00000429       0x32 ./USB_DEVICE/App/usb_device.o
 .ARM.attributes
                0x0000045b       0x32 ./USB_DEVICE/App/usbd_desc.o
 .ARM.attributes
                0x0000048d       0x32 ./USB_DEVICE/App/usbd_dfu_if.o
 .ARM.attributes
                0x000004bf       0x32 ./USB_DEVICE/Target/usbd_conf.o
 .ARM.attributes
                0x000004f1       0x32 C:/ST/STM32CubeIDE_1.16.0/STM32CubeIDE/plugins/com.st.stm32cube.ide.mcu.externaltools.gnu-tools-for-stm32.12.3.rel1.win32_1.0.200.202406191623/tools/bin/../lib/gcc/arm-none-eabi/12.3.1/../../../../arm-none-eabi/lib/thumb/v7e-m+dp/hard\libc_nano.a(libc_a-memset.o)
 .ARM.attributes
                0x00000523       0x32 C:/ST/STM32CubeIDE_1.16.0/STM32CubeIDE/plugins/com.st.stm32cube.ide.mcu.externaltools.gnu-tools-for-stm32.12.3.rel1.win32_1.0.200.202406191623/tools/bin/../lib/gcc/arm-none-eabi/12.3.1/../../../../arm-none-eabi/lib/thumb/v7e-m+dp/hard\libc_nano.a(libc_a-init.o)
 .ARM.attributes
                0x00000555       0x20 C:/ST/STM32CubeIDE_1.16.0/STM32CubeIDE/plugins/com.st.stm32cube.ide.mcu.externaltools.gnu-tools-for-stm32.12.3.rel1.win32_1.0.200.202406191623/tools/bin/../lib/gcc/arm-none-eabi/12.3.1/thumb/v7e-m+dp/hard/crtn.o
OUTPUT(BTL_BOOT.elf elf32-littlearm)
LOAD linker stubs
LOAD C:/ST/STM32CubeIDE_1.16.0/STM32CubeIDE/plugins/com.st.stm32cube.ide.mcu.externaltools.gnu-tools-for-stm32.12.3.rel1.win32_1.0.200.202406191623/tools/bin/../lib/gcc/arm-none-eabi/12.3.1/../../../../arm-none-eabi/lib/thumb/v7e-m+dp/hard\libc.a
LOAD C:/ST/STM32CubeIDE_1.16.0/STM32CubeIDE/plugins/com.st.stm32cube.ide.mcu.externaltools.gnu-tools-for-stm32.12.3.rel1.win32_1.0.200.202406191623/tools/bin/../lib/gcc/arm-none-eabi/12.3.1/../../../../arm-none-eabi/lib/thumb/v7e-m+dp/hard\libm.a
LOAD C:/ST/STM32CubeIDE_1.16.0/STM32CubeIDE/plugins/com.st.stm32cube.ide.mcu.externaltools.gnu-tools-for-stm32.12.3.rel1.win32_1.0.200.202406191623/tools/bin/../lib/gcc/arm-none-eabi/12.3.1/thumb/v7e-m+dp/hard\libgcc.a

.debug_info     0x00000000    0x1397a
 .debug_info    0x00000000      0x9fc ./Core/Src/main.o
 .debug_info    0x000009fc      0x464 ./Core/Src/stm32h7xx_hal_msp.o
 .debug_info    0x00000e60      0x6b2 ./Core/Src/stm32h7xx_it.o
 .debug_info    0x00001512      0xb2e ./Core/Src/system_stm32h7xx.o
 .debug_info    0x00002040       0x30 ./Core/Startup/startup_stm32h723zgtx.o
 .debug_info    0x00002070     0x1698 ./Drivers/STM32H7xx_HAL_Driver/Src/stm32h7xx_hal.o
 .debug_info    0x00003708     0x10a0 ./Drivers/STM32H7xx_HAL_Driver/Src/stm32h7xx_hal_cortex.o
 .debug_info    0x000047a8      0x75c ./Drivers/STM32H7xx_HAL_Driver/Src/stm32h7xx_hal_flash.o
 .debug_info    0x00004f04      0xc04 ./Drivers/STM32H7xx_HAL_Driver/Src/stm32h7xx_hal_flash_ex.o
 .debug_info    0x00005b08      0xc5c ./Drivers/STM32H7xx_HAL_Driver/Src/stm32h7xx_hal_gpio.o
 .debug_info    0x00006764     0x1561 ./Drivers/STM32H7xx_HAL_Driver/Src/stm32h7xx_hal_pcd.o
 .debug_info    0x00007cc5      0x8b3 ./Drivers/STM32H7xx_HAL_Driver/Src/stm32h7xx_hal_pcd_ex.o
 .debug_info    0x00008578      0xdc4 ./Drivers/STM32H7xx_HAL_Driver/Src/stm32h7xx_hal_pwr_ex.o
 .debug_info    0x0000933c      0xd73 ./Drivers/STM32H7xx_HAL_Driver/Src/stm32h7xx_hal_rcc.o
 .debug_info    0x0000a0af     0x11fc ./Drivers/STM32H7xx_HAL_Driver/Src/stm32h7xx_hal_rcc_ex.o
 .debug_info    0x0000b2ab     0x1a1e ./Drivers/STM32H7xx_HAL_Driver/Src/stm32h7xx_ll_usb.o
 .debug_info    0x0000ccc9     0x14ea ./Middlewares/ST/STM32_USB_Device_Library/Class/DFU/Src/usbd_dfu.o
 .debug_info    0x0000e1b3      0xe4b ./Middlewares/ST/STM32_USB_Device_Library/Core/Src/usbd_core.o
 .debug_info    0x0000effe      0xb39 ./Middlewares/ST/STM32_USB_Device_Library/Core/Src/usbd_ctlreq.o
 .debug_info    0x0000fb37      0x79b ./Middlewares/ST/STM32_USB_Device_Library/Core/Src/usbd_ioreq.o
 .debug_info    0x000102d2      0x77b ./USB_DEVICE/App/usb_device.o
 .debug_info    0x00010a4d      0x4c5 ./USB_DEVICE/App/usbd_desc.o
 .debug_info    0x00010f12      0x4df ./USB_DEVICE/App/usbd_dfu_if.o
 .debug_info    0x000113f1     0x2589 ./USB_DEVICE/Target/usbd_conf.o

.debug_abbrev   0x00000000     0x3535
 .debug_abbrev  0x00000000      0x23a ./Core/Src/main.o
 .debug_abbrev  0x0000023a       0xdb ./Core/Src/stm32h7xx_hal_msp.o
 .debug_abbrev  0x00000315      0x1a4 ./Core/Src/stm32h7xx_it.o
 .debug_abbrev  0x000004b9      0x13a ./Core/Src/system_stm32h7xx.o
 .debug_abbrev  0x000005f3       0x24 ./Core/Startup/startup_stm32h723zgtx.o
 .debug_abbrev  0x00000617      0x29e ./Drivers/STM32H7xx_HAL_Driver/Src/stm32h7xx_hal.o
 .debug_abbrev  0x000008b5      0x339 ./Drivers/STM32H7xx_HAL_Driver/Src/stm32h7xx_hal_cortex.o
 .debug_abbrev  0x00000bee      0x252 ./Drivers/STM32H7xx_HAL_Driver/Src/stm32h7xx_hal_flash.o
 .debug_abbrev  0x00000e40      0x23d ./Drivers/STM32H7xx_HAL_Driver/Src/stm32h7xx_hal_flash_ex.o
 .debug_abbrev  0x0000107d      0x1fe ./Drivers/STM32H7xx_HAL_Driver/Src/stm32h7xx_hal_gpio.o
 .debug_abbrev  0x0000127b      0x2dc ./Drivers/STM32H7xx_HAL_Driver/Src/stm32h7xx_hal_pcd.o
 .debug_abbrev  0x00001557      0x256 ./Drivers/STM32H7xx_HAL_Driver/Src/stm32h7xx_hal_pcd_ex.o
 .debug_abbrev  0x000017ad      0x295 ./Drivers/STM32H7xx_HAL_Driver/Src/stm32h7xx_hal_pwr_ex.o
 .debug_abbrev  0x00001a42      0x2b1 ./Drivers/STM32H7xx_HAL_Driver/Src/stm32h7xx_hal_rcc.o
 .debug_abbrev  0x00001cf3      0x269 ./Drivers/STM32H7xx_HAL_Driver/Src/stm32h7xx_hal_rcc_ex.o
 .debug_abbrev  0x00001f5c      0x2b3 ./Drivers/STM32H7xx_HAL_Driver/Src/stm32h7xx_ll_usb.o
 .debug_abbrev  0x0000220f      0x373 ./Middlewares/ST/STM32_USB_Device_Library/Class/DFU/Src/usbd_dfu.o
 .debug_abbrev  0x00002582      0x27c ./Middlewares/ST/STM32_USB_Device_Library/Core/Src/usbd_core.o
 .debug_abbrev  0x000027fe      0x276 ./Middlewares/ST/STM32_USB_Device_Library/Core/Src/usbd_ctlreq.o
 .debug_abbrev  0x00002a74      0x19a ./Middlewares/ST/STM32_USB_Device_Library/Core/Src/usbd_ioreq.o
 .debug_abbrev  0x00002c0e      0x1be ./USB_DEVICE/App/usb_device.o
 .debug_abbrev  0x00002dcc      0x1f5 ./USB_DEVICE/App/usbd_desc.o
 .debug_abbrev  0x00002fc1      0x21c ./USB_DEVICE/App/usbd_dfu_if.o
 .debug_abbrev  0x000031dd      0x358 ./USB_DEVICE/Target/usbd_conf.o

.debug_aranges  0x00000000     0x1058
 .debug_aranges
                0x00000000       0x38 ./Core/Src/main.o
 .debug_aranges
                0x00000038       0x20 ./Core/Src/stm32h7xx_hal_msp.o
 .debug_aranges
                0x00000058       0x68 ./Core/Src/stm32h7xx_it.o
 .debug_aranges
                0x000000c0       0x28 ./Core/Src/system_stm32h7xx.o
 .debug_aranges
                0x000000e8       0x28 ./Core/Startup/startup_stm32h723zgtx.o
 .debug_aranges
                0x00000110      0x1c8 ./Drivers/STM32H7xx_HAL_Driver/Src/stm32h7xx_hal.o
 .debug_aranges
                0x000002d8      0x130 ./Drivers/STM32H7xx_HAL_Driver/Src/stm32h7xx_hal_cortex.o
 .debug_aranges
                0x00000408       0x88 ./Drivers/STM32H7xx_HAL_Driver/Src/stm32h7xx_hal_flash.o
 .debug_aranges
                0x00000490      0x108 ./Drivers/STM32H7xx_HAL_Driver/Src/stm32h7xx_hal_flash_ex.o
 .debug_aranges
                0x00000598       0x58 ./Drivers/STM32H7xx_HAL_Driver/Src/stm32h7xx_hal_gpio.o
 .debug_aranges
                0x000005f0      0x140 ./Drivers/STM32H7xx_HAL_Driver/Src/stm32h7xx_hal_pcd.o
 .debug_aranges
                0x00000730       0x60 ./Drivers/STM32H7xx_HAL_Driver/Src/stm32h7xx_hal_pcd_ex.o
 .debug_aranges
                0x00000790      0x148 ./Drivers/STM32H7xx_HAL_Driver/Src/stm32h7xx_hal_pwr_ex.o
 .debug_aranges
                0x000008d8       0x88 ./Drivers/STM32H7xx_HAL_Driver/Src/stm32h7xx_hal_rcc.o
 .debug_aranges
                0x00000960       0xf8 ./Drivers/STM32H7xx_HAL_Driver/Src/stm32h7xx_hal_rcc_ex.o
 .debug_aranges
                0x00000a58      0x1a0 ./Drivers/STM32H7xx_HAL_Driver/Src/stm32h7xx_ll_usb.o
 .debug_aranges
                0x00000bf8       0xc0 ./Middlewares/ST/STM32_USB_Device_Library/Class/DFU/Src/usbd_dfu.o
 .debug_aranges
                0x00000cb8       0xd8 ./Middlewares/ST/STM32_USB_Device_Library/Core/Src/usbd_core.o
 .debug_aranges
                0x00000d90       0x90 ./Middlewares/ST/STM32_USB_Device_Library/Core/Src/usbd_ctlreq.o
 .debug_aranges
                0x00000e20       0x50 ./Middlewares/ST/STM32_USB_Device_Library/Core/Src/usbd_ioreq.o
 .debug_aranges
                0x00000e70       0x20 ./USB_DEVICE/App/usb_device.o
 .debug_aranges
                0x00000e90       0x68 ./USB_DEVICE/App/usbd_desc.o
 .debug_aranges
                0x00000ef8       0x50 ./USB_DEVICE/App/usbd_dfu_if.o
 .debug_aranges
                0x00000f48      0x110 ./USB_DEVICE/Target/usbd_conf.o

.debug_rnglists
                0x00000000      0xc3b
 .debug_rnglists
                0x00000000       0x27 ./Core/Src/main.o
 .debug_rnglists
                0x00000027       0x13 ./Core/Src/stm32h7xx_hal_msp.o
 .debug_rnglists
                0x0000003a       0x49 ./Core/Src/stm32h7xx_it.o
 .debug_rnglists
                0x00000083       0x1b ./Core/Src/system_stm32h7xx.o
 .debug_rnglists
                0x0000009e       0x19 ./Core/Startup/startup_stm32h723zgtx.o
 .debug_rnglists
                0x000000b7      0x155 ./Drivers/STM32H7xx_HAL_Driver/Src/stm32h7xx_hal.o
 .debug_rnglists
                0x0000020c       0xe0 ./Drivers/STM32H7xx_HAL_Driver/Src/stm32h7xx_hal_cortex.o
 .debug_rnglists
                0x000002ec       0x66 ./Drivers/STM32H7xx_HAL_Driver/Src/stm32h7xx_hal_flash.o
 .debug_rnglists
                0x00000352       0xc7 ./Drivers/STM32H7xx_HAL_Driver/Src/stm32h7xx_hal_flash_ex.o
 .debug_rnglists
                0x00000419       0x3f ./Drivers/STM32H7xx_HAL_Driver/Src/stm32h7xx_hal_gpio.o
 .debug_rnglists
                0x00000458       0xf4 ./Drivers/STM32H7xx_HAL_Driver/Src/stm32h7xx_hal_pcd.o
 .debug_rnglists
                0x0000054c       0x45 ./Drivers/STM32H7xx_HAL_Driver/Src/stm32h7xx_hal_pcd_ex.o
 .debug_rnglists
                0x00000591       0xf5 ./Drivers/STM32H7xx_HAL_Driver/Src/stm32h7xx_hal_pwr_ex.o
 .debug_rnglists
                0x00000686       0x68 ./Drivers/STM32H7xx_HAL_Driver/Src/stm32h7xx_hal_rcc.o
 .debug_rnglists
                0x000006ee       0xc0 ./Drivers/STM32H7xx_HAL_Driver/Src/stm32h7xx_hal_rcc_ex.o
 .debug_rnglists
                0x000007ae      0x147 ./Drivers/STM32H7xx_HAL_Driver/Src/stm32h7xx_ll_usb.o
 .debug_rnglists
                0x000008f5       0x97 ./Middlewares/ST/STM32_USB_Device_Library/Class/DFU/Src/usbd_dfu.o
 .debug_rnglists
                0x0000098c       0xa1 ./Middlewares/ST/STM32_USB_Device_Library/Core/Src/usbd_core.o
 .debug_rnglists
                0x00000a2d       0x7a ./Middlewares/ST/STM32_USB_Device_Library/Core/Src/usbd_ctlreq.o
 .debug_rnglists
                0x00000aa7       0x37 ./Middlewares/ST/STM32_USB_Device_Library/Core/Src/usbd_ioreq.o
 .debug_rnglists
                0x00000ade       0x13 ./USB_DEVICE/App/usb_device.o
 .debug_rnglists
                0x00000af1       0x49 ./USB_DEVICE/App/usbd_desc.o
 .debug_rnglists
                0x00000b3a       0x38 ./USB_DEVICE/App/usbd_dfu_if.o
 .debug_rnglists
                0x00000b72       0xc9 ./USB_DEVICE/Target/usbd_conf.o

.debug_macro    0x00000000    0x33f4d
 .debug_macro   0x00000000      0x373 ./Core/Src/main.o
 .debug_macro   0x00000373      0xacc ./Core/Src/main.o
 .debug_macro   0x00000e3f      0x232 ./Core/Src/main.o
 .debug_macro   0x00001071       0x2e ./Core/Src/main.o
 .debug_macro   0x0000109f       0x3b ./Core/Src/main.o
 .debug_macro   0x000010da       0x22 ./Core/Src/main.o
 .debug_macro   0x000010fc       0x8e ./Core/Src/main.o
 .debug_macro   0x0000118a       0x51 ./Core/Src/main.o
 .debug_macro   0x000011db      0x103 ./Core/Src/main.o
 .debug_macro   0x000012de       0x6a ./Core/Src/main.o
 .debug_macro   0x00001348      0x1df ./Core/Src/main.o
 .debug_macro   0x00001527       0x1c ./Core/Src/main.o
 .debug_macro   0x00001543       0x22 ./Core/Src/main.o
 .debug_macro   0x00001565       0xfb ./Core/Src/main.o
 .debug_macro   0x00001660     0x1305 ./Core/Src/main.o
 .debug_macro   0x00002965      0x11f ./Core/Src/main.o
 .debug_macro   0x00002a84       0x27 ./Core/Src/main.o
 .debug_macro   0x00002aab    0x2127f ./Core/Src/main.o
 .debug_macro   0x00023d2a       0x6d ./Core/Src/main.o
 .debug_macro   0x00023d97     0x3d64 ./Core/Src/main.o
 .debug_macro   0x00027afb      0x189 ./Core/Src/main.o
 .debug_macro   0x00027c84       0x61 ./Core/Src/main.o
 .debug_macro   0x00027ce5       0x29 ./Core/Src/main.o
 .debug_macro   0x00027d0e       0x43 ./Core/Src/main.o
 .debug_macro   0x00027d51       0x34 ./Core/Src/main.o
 .debug_macro   0x00027d85       0x16 ./Core/Src/main.o
 .debug_macro   0x00027d9b       0x43 ./Core/Src/main.o
 .debug_macro   0x00027dde       0x34 ./Core/Src/main.o
 .debug_macro   0x00027e12       0x10 ./Core/Src/main.o
 .debug_macro   0x00027e22       0x58 ./Core/Src/main.o
 .debug_macro   0x00027e7a       0x8e ./Core/Src/main.o
 .debug_macro   0x00027f08       0x1c ./Core/Src/main.o
 .debug_macro   0x00027f24      0x177 ./Core/Src/main.o
 .debug_macro   0x0002809b      0x369 ./Core/Src/main.o
 .debug_macro   0x00028404      0x19b ./Core/Src/main.o
 .debug_macro   0x0002859f       0x5d ./Core/Src/main.o
 .debug_macro   0x000285fc     0x2462 ./Core/Src/main.o
 .debug_macro   0x0002aa5e     0x1079 ./Core/Src/main.o
 .debug_macro   0x0002bad7      0x154 ./Core/Src/main.o
 .debug_macro   0x0002bc2b      0x114 ./Core/Src/main.o
 .debug_macro   0x0002bd3f      0x3fc ./Core/Src/main.o
 .debug_macro   0x0002c13b       0xac ./Core/Src/main.o
 .debug_macro   0x0002c1e7      0x788 ./Core/Src/main.o
 .debug_macro   0x0002c96f      0x228 ./Core/Src/main.o
 .debug_macro   0x0002cb97       0x66 ./Core/Src/main.o
 .debug_macro   0x0002cbfd      0x3a6 ./Core/Src/main.o
 .debug_macro   0x0002cfa3      0x3f9 ./Core/Src/main.o
 .debug_macro   0x0002d39c      0x275 ./Core/Src/main.o
 .debug_macro   0x0002d611      0x3ca ./Core/Src/main.o
 .debug_macro   0x0002d9db      0x45c ./Core/Src/main.o
 .debug_macro   0x0002de37       0x3c ./Core/Src/main.o
 .debug_macro   0x0002de73       0x4a ./Core/Src/main.o
 .debug_macro   0x0002debd      0x22c ./Core/Src/main.o
 .debug_macro   0x0002e0e9       0x67 ./Core/Src/main.o
 .debug_macro   0x0002e150       0xa5 ./Core/Src/main.o
 .debug_macro   0x0002e1f5      0x1c4 ./Core/Src/main.o
 .debug_macro   0x0002e3b9      0x22a ./Core/Src/main.o
 .debug_macro   0x0002e5e3       0x35 ./Core/Src/main.o
 .debug_macro   0x0002e618      0x293 ./Core/Src/main.o
 .debug_macro   0x0002e8ab       0x90 ./Core/Src/main.o
 .debug_macro   0x0002e93b      0x5e6 ./Core/Src/main.o
 .debug_macro   0x0002ef21      0x130 ./Core/Src/main.o
 .debug_macro   0x0002f051       0x1c ./Core/Src/main.o
 .debug_macro   0x0002f06d       0x35 ./Core/Src/main.o
 .debug_macro   0x0002f0a2       0x10 ./Core/Src/main.o
 .debug_macro   0x0002f0b2       0x1c ./Core/Src/main.o
 .debug_macro   0x0002f0ce       0x16 ./Core/Src/main.o
 .debug_macro   0x0002f0e4      0x146 ./Core/Src/main.o
 .debug_macro   0x0002f22a       0x16 ./Core/Src/main.o
 .debug_macro   0x0002f240       0x16 ./Core/Src/main.o
 .debug_macro   0x0002f256       0x29 ./Core/Src/main.o
 .debug_macro   0x0002f27f       0x16 ./Core/Src/main.o
 .debug_macro   0x0002f295       0x20 ./Core/Src/main.o
 .debug_macro   0x0002f2b5       0x7e ./Core/Src/main.o
 .debug_macro   0x0002f333      0x209 ./Core/Src/main.o
 .debug_macro   0x0002f53c      0x2b3 ./Core/Src/stm32h7xx_hal_msp.o
 .debug_macro   0x0002f7ef      0x2bd ./Core/Src/stm32h7xx_it.o
 .debug_macro   0x0002faac      0x2a4 ./Core/Src/system_stm32h7xx.o
 .debug_macro   0x0002fd50      0x2ce ./Drivers/STM32H7xx_HAL_Driver/Src/stm32h7xx_hal.o
 .debug_macro   0x0003001e      0x2a4 ./Drivers/STM32H7xx_HAL_Driver/Src/stm32h7xx_hal_cortex.o
 .debug_macro   0x000302c2      0x2aa ./Drivers/STM32H7xx_HAL_Driver/Src/stm32h7xx_hal_flash.o
 .debug_macro   0x0003056c      0x2aa ./Drivers/STM32H7xx_HAL_Driver/Src/stm32h7xx_hal_flash_ex.o
 .debug_macro   0x00030816      0x2ab ./Drivers/STM32H7xx_HAL_Driver/Src/stm32h7xx_hal_gpio.o
 .debug_macro   0x00030ac1      0x2b0 ./Drivers/STM32H7xx_HAL_Driver/Src/stm32h7xx_hal_pcd.o
 .debug_macro   0x00030d71      0x2a4 ./Drivers/STM32H7xx_HAL_Driver/Src/stm32h7xx_hal_pcd_ex.o
 .debug_macro   0x00031015      0x2dd ./Drivers/STM32H7xx_HAL_Driver/Src/stm32h7xx_hal_pwr_ex.o
 .debug_macro   0x000312f2      0x2c8 ./Drivers/STM32H7xx_HAL_Driver/Src/stm32h7xx_hal_rcc.o
 .debug_macro   0x000315ba      0x2c2 ./Drivers/STM32H7xx_HAL_Driver/Src/stm32h7xx_hal_rcc_ex.o
 .debug_macro   0x0003187c      0x2a4 ./Drivers/STM32H7xx_HAL_Driver/Src/stm32h7xx_ll_usb.o
 .debug_macro   0x00031b20      0x3c6 ./Middlewares/ST/STM32_USB_Device_Library/Class/DFU/Src/usbd_dfu.o
 .debug_macro   0x00031ee6       0x16 ./Middlewares/ST/STM32_USB_Device_Library/Class/DFU/Src/usbd_dfu.o
 .debug_macro   0x00031efc       0x9e ./Middlewares/ST/STM32_USB_Device_Library/Class/DFU/Src/usbd_dfu.o
 .debug_macro   0x00031f9a      0x10b ./Middlewares/ST/STM32_USB_Device_Library/Class/DFU/Src/usbd_dfu.o
 .debug_macro   0x000320a5       0x16 ./Middlewares/ST/STM32_USB_Device_Library/Class/DFU/Src/usbd_dfu.o
 .debug_macro   0x000320bb      0x140 ./Middlewares/ST/STM32_USB_Device_Library/Class/DFU/Src/usbd_dfu.o
 .debug_macro   0x000321fb      0x391 ./Middlewares/ST/STM32_USB_Device_Library/Core/Src/usbd_core.o
 .debug_macro   0x0003258c      0x20f ./Middlewares/ST/STM32_USB_Device_Library/Core/Src/usbd_core.o
 .debug_macro   0x0003279b      0x39b ./Middlewares/ST/STM32_USB_Device_Library/Core/Src/usbd_ctlreq.o
 .debug_macro   0x00032b36      0x397 ./Middlewares/ST/STM32_USB_Device_Library/Core/Src/usbd_ioreq.o
 .debug_macro   0x00032ecd      0x3bf ./USB_DEVICE/App/usb_device.o
 .debug_macro   0x0003328c      0x136 ./USB_DEVICE/App/usb_device.o
 .debug_macro   0x000333c2       0x22 ./USB_DEVICE/App/usb_device.o
 .debug_macro   0x000333e4      0x3d4 ./USB_DEVICE/App/usbd_desc.o
 .debug_macro   0x000337b8       0x1c ./USB_DEVICE/App/usbd_desc.o
 .debug_macro   0x000337d4      0x3d7 ./USB_DEVICE/App/usbd_dfu_if.o
 .debug_macro   0x00033bab      0x3a2 ./USB_DEVICE/Target/usbd_conf.o

.debug_line     0x00000000    0x16064
 .debug_line    0x00000000      0xb0a ./Core/Src/main.o
 .debug_line    0x00000b0a      0x8c7 ./Core/Src/stm32h7xx_hal_msp.o
 .debug_line    0x000013d1      0x9a2 ./Core/Src/stm32h7xx_it.o
 .debug_line    0x00001d73      0xa78 ./Core/Src/system_stm32h7xx.o
 .debug_line    0x000027eb       0x7a ./Core/Startup/startup_stm32h723zgtx.o
 .debug_line    0x00002865      0xf09 ./Drivers/STM32H7xx_HAL_Driver/Src/stm32h7xx_hal.o
 .debug_line    0x0000376e      0xea7 ./Drivers/STM32H7xx_HAL_Driver/Src/stm32h7xx_hal_cortex.o
 .debug_line    0x00004615      0xd19 ./Drivers/STM32H7xx_HAL_Driver/Src/stm32h7xx_hal_flash.o
 .debug_line    0x0000532e     0x105f ./Drivers/STM32H7xx_HAL_Driver/Src/stm32h7xx_hal_flash_ex.o
 .debug_line    0x0000638d      0xd3c ./Drivers/STM32H7xx_HAL_Driver/Src/stm32h7xx_hal_gpio.o
 .debug_line    0x000070c9     0x1693 ./Drivers/STM32H7xx_HAL_Driver/Src/stm32h7xx_hal_pcd.o
 .debug_line    0x0000875c      0xad5 ./Drivers/STM32H7xx_HAL_Driver/Src/stm32h7xx_hal_pcd_ex.o
 .debug_line    0x00009231      0xef6 ./Drivers/STM32H7xx_HAL_Driver/Src/stm32h7xx_hal_pwr_ex.o
 .debug_line    0x0000a127     0x139f ./Drivers/STM32H7xx_HAL_Driver/Src/stm32h7xx_hal_rcc.o
 .debug_line    0x0000b4c6     0x1c6e ./Drivers/STM32H7xx_HAL_Driver/Src/stm32h7xx_hal_rcc_ex.o
 .debug_line    0x0000d134     0x1f59 ./Drivers/STM32H7xx_HAL_Driver/Src/stm32h7xx_ll_usb.o
 .debug_line    0x0000f08d     0x1391 ./Middlewares/ST/STM32_USB_Device_Library/Class/DFU/Src/usbd_dfu.o
 .debug_line    0x0001041e      0xf96 ./Middlewares/ST/STM32_USB_Device_Library/Core/Src/usbd_core.o
 .debug_line    0x000113b4     0x1207 ./Middlewares/ST/STM32_USB_Device_Library/Core/Src/usbd_ctlreq.o
 .debug_line    0x000125bb      0xab0 ./Middlewares/ST/STM32_USB_Device_Library/Core/Src/usbd_ioreq.o
 .debug_line    0x0001306b      0xa6f ./USB_DEVICE/App/usb_device.o
 .debug_line    0x00013ada      0xb50 ./USB_DEVICE/App/usbd_desc.o
 .debug_line    0x0001462a      0xbc6 ./USB_DEVICE/App/usbd_dfu_if.o
 .debug_line    0x000151f0      0xe74 ./USB_DEVICE/Target/usbd_conf.o

.debug_str      0x00000000   0x13cc4f
 .debug_str     0x00000000   0x136d77 ./Core/Src/main.o
                             0x13722d (size before relaxing)
 .debug_str     0x00136d77       0x2c ./Core/Src/stm32h7xx_hal_msp.o
                             0x135cc3 (size before relaxing)
 .debug_str     0x00136da3      0x4e6 ./Core/Src/stm32h7xx_it.o
                             0x135fa0 (size before relaxing)
 .debug_str     0x00137289      0x2ae ./Core/Src/system_stm32h7xx.o
                             0x135a74 (size before relaxing)
 .debug_str     0x00137537       0x44 ./Core/Startup/startup_stm32h723zgtx.o
                                 0x63 (size before relaxing)
 .debug_str     0x0013757b     0x111d ./Drivers/STM32H7xx_HAL_Driver/Src/stm32h7xx_hal.o
                             0x136afe (size before relaxing)
 .debug_str     0x00138698      0x397 ./Drivers/STM32H7xx_HAL_Driver/Src/stm32h7xx_hal_cortex.o
                             0x136418 (size before relaxing)
 .debug_str     0x00138a2f      0x354 ./Drivers/STM32H7xx_HAL_Driver/Src/stm32h7xx_hal_flash.o
                             0x135a70 (size before relaxing)
 .debug_str     0x00138d83      0x4b7 ./Drivers/STM32H7xx_HAL_Driver/Src/stm32h7xx_hal_flash_ex.o
                             0x135d87 (size before relaxing)
 .debug_str     0x0013923a       0xfc ./Drivers/STM32H7xx_HAL_Driver/Src/stm32h7xx_hal_gpio.o
                             0x135abf (size before relaxing)
 .debug_str     0x00139336      0x83a ./Drivers/STM32H7xx_HAL_Driver/Src/stm32h7xx_hal_pcd.o
                             0x136271 (size before relaxing)
 .debug_str     0x00139b70      0x174 ./Drivers/STM32H7xx_HAL_Driver/Src/stm32h7xx_hal_pcd_ex.o
                             0x135c0f (size before relaxing)
 .debug_str     0x00139ce4      0x5ee ./Drivers/STM32H7xx_HAL_Driver/Src/stm32h7xx_hal_pwr_ex.o
                             0x135ec7 (size before relaxing)
 .debug_str     0x0013a2d2      0x21a ./Drivers/STM32H7xx_HAL_Driver/Src/stm32h7xx_hal_rcc.o
                             0x135e42 (size before relaxing)
 .debug_str     0x0013a4ec      0x938 ./Drivers/STM32H7xx_HAL_Driver/Src/stm32h7xx_hal_rcc_ex.o
                             0x13635a (size before relaxing)
 .debug_str     0x0013ae24      0x4b9 ./Drivers/STM32H7xx_HAL_Driver/Src/stm32h7xx_ll_usb.o
                             0x13616b (size before relaxing)
 .debug_str     0x0013b2dd      0xf27 ./Middlewares/ST/STM32_USB_Device_Library/Class/DFU/Src/usbd_dfu.o
                             0x137dff (size before relaxing)
 .debug_str     0x0013c204      0x2f0 ./Middlewares/ST/STM32_USB_Device_Library/Core/Src/usbd_core.o
                             0x137521 (size before relaxing)
 .debug_str     0x0013c4f4      0x12a ./Middlewares/ST/STM32_USB_Device_Library/Core/Src/usbd_ctlreq.o
                             0x13734c (size before relaxing)
 .debug_str     0x0013c61e       0x78 ./Middlewares/ST/STM32_USB_Device_Library/Core/Src/usbd_ioreq.o
                             0x137221 (size before relaxing)
 .debug_str     0x0013c696       0xd3 ./USB_DEVICE/App/usb_device.o
                             0x137897 (size before relaxing)
 .debug_str     0x0013c769      0x286 ./USB_DEVICE/App/usbd_desc.o
                             0x137132 (size before relaxing)
 .debug_str     0x0013c9ef      0x1c9 ./USB_DEVICE/App/usbd_dfu_if.o
                             0x137601 (size before relaxing)
 .debug_str     0x0013cbb8       0x97 ./USB_DEVICE/Target/usbd_conf.o
                             0x138f9a (size before relaxing)

.comment        0x00000000       0x43
 .comment       0x00000000       0x43 ./Core/Src/main.o
                                 0x44 (size before relaxing)
 .comment       0x00000043       0x44 ./Core/Src/stm32h7xx_hal_msp.o
 .comment       0x00000043       0x44 ./Core/Src/stm32h7xx_it.o
 .comment       0x00000043       0x44 ./Core/Src/system_stm32h7xx.o
 .comment       0x00000043       0x44 ./Drivers/STM32H7xx_HAL_Driver/Src/stm32h7xx_hal.o
 .comment       0x00000043       0x44 ./Drivers/STM32H7xx_HAL_Driver/Src/stm32h7xx_hal_cortex.o
 .comment       0x00000043       0x44 ./Drivers/STM32H7xx_HAL_Driver/Src/stm32h7xx_hal_flash.o
 .comment       0x00000043       0x44 ./Drivers/STM32H7xx_HAL_Driver/Src/stm32h7xx_hal_flash_ex.o
 .comment       0x00000043       0x44 ./Drivers/STM32H7xx_HAL_Driver/Src/stm32h7xx_hal_gpio.o
 .comment       0x00000043       0x44 ./Drivers/STM32H7xx_HAL_Driver/Src/stm32h7xx_hal_pcd.o
 .comment       0x00000043       0x44 ./Drivers/STM32H7xx_HAL_Driver/Src/stm32h7xx_hal_pcd_ex.o
 .comment       0x00000043       0x44 ./Drivers/STM32H7xx_HAL_Driver/Src/stm32h7xx_hal_pwr_ex.o
 .comment       0x00000043       0x44 ./Drivers/STM32H7xx_HAL_Driver/Src/stm32h7xx_hal_rcc.o
 .comment       0x00000043       0x44 ./Drivers/STM32H7xx_HAL_Driver/Src/stm32h7xx_hal_rcc_ex.o
 .comment       0x00000043       0x44 ./Drivers/STM32H7xx_HAL_Driver/Src/stm32h7xx_ll_usb.o
 .comment       0x00000043       0x44 ./Middlewares/ST/STM32_USB_Device_Library/Class/DFU/Src/usbd_dfu.o
 .comment       0x00000043       0x44 ./Middlewares/ST/STM32_USB_Device_Library/Core/Src/usbd_core.o
 .comment       0x00000043       0x44 ./Middlewares/ST/STM32_USB_Device_Library/Core/Src/usbd_ctlreq.o
 .comment       0x00000043       0x44 ./Middlewares/ST/STM32_USB_Device_Library/Core/Src/usbd_ioreq.o
 .comment       0x00000043       0x44 ./USB_DEVICE/App/usb_device.o
 .comment       0x00000043       0x44 ./USB_DEVICE/App/usbd_desc.o
 .comment       0x00000043       0x44 ./USB_DEVICE/App/usbd_dfu_if.o
 .comment       0x00000043       0x44 ./USB_DEVICE/Target/usbd_conf.o

.debug_frame    0x00000000     0x420c
 .debug_frame   0x00000000       0x90 ./Core/Src/main.o
 .debug_frame   0x00000090       0x38 ./Core/Src/stm32h7xx_hal_msp.o
 .debug_frame   0x000000c8      0x120 ./Core/Src/stm32h7xx_it.o
 .debug_frame   0x000001e8       0x58 ./Core/Src/system_stm32h7xx.o
 .debug_frame   0x00000240      0x760 ./Drivers/STM32H7xx_HAL_Driver/Src/stm32h7xx_hal.o
 .debug_frame   0x000009a0      0x508 ./Drivers/STM32H7xx_HAL_Driver/Src/stm32h7xx_hal_cortex.o
 .debug_frame   0x00000ea8      0x1fc ./Drivers/STM32H7xx_HAL_Driver/Src/stm32h7xx_hal_flash.o
 .debug_frame   0x000010a4      0x484 ./Drivers/STM32H7xx_HAL_Driver/Src/stm32h7xx_hal_flash_ex.o
 .debug_frame   0x00001528      0x14c ./Drivers/STM32H7xx_HAL_Driver/Src/stm32h7xx_hal_gpio.o
 .debug_frame   0x00001674      0x590 ./Drivers/STM32H7xx_HAL_Driver/Src/stm32h7xx_hal_pcd.o
 .debug_frame   0x00001c04      0x174 ./Drivers/STM32H7xx_HAL_Driver/Src/stm32h7xx_hal_pcd_ex.o
 .debug_frame   0x00001d78      0x540 ./Drivers/STM32H7xx_HAL_Driver/Src/stm32h7xx_hal_pwr_ex.o
 .debug_frame   0x000022b8      0x1fc ./Drivers/STM32H7xx_HAL_Driver/Src/stm32h7xx_hal_rcc.o
 .debug_frame   0x000024b4      0x414 ./Drivers/STM32H7xx_HAL_Driver/Src/stm32h7xx_hal_rcc_ex.o
 .debug_frame   0x000028c8      0x7c0 ./Drivers/STM32H7xx_HAL_Driver/Src/stm32h7xx_ll_usb.o
 .debug_frame   0x00003088      0x324 ./Middlewares/ST/STM32_USB_Device_Library/Class/DFU/Src/usbd_dfu.o
 .debug_frame   0x000033ac      0x390 ./Middlewares/ST/STM32_USB_Device_Library/Core/Src/usbd_core.o
 .debug_frame   0x0000373c      0x23c ./Middlewares/ST/STM32_USB_Device_Library/Core/Src/usbd_ctlreq.o
 .debug_frame   0x00003978      0x10c ./Middlewares/ST/STM32_USB_Device_Library/Core/Src/usbd_ioreq.o
 .debug_frame   0x00003a84       0x2c ./USB_DEVICE/App/usb_device.o
 .debug_frame   0x00003ab0      0x188 ./USB_DEVICE/App/usbd_desc.o
 .debug_frame   0x00003c38      0x108 ./USB_DEVICE/App/usbd_dfu_if.o
 .debug_frame   0x00003d40      0x480 ./USB_DEVICE/Target/usbd_conf.o
 .debug_frame   0x000041c0       0x20 C:/ST/STM32CubeIDE_1.16.0/STM32CubeIDE/plugins/com.st.stm32cube.ide.mcu.externaltools.gnu-tools-for-stm32.12.3.rel1.win32_1.0.200.202406191623/tools/bin/../lib/gcc/arm-none-eabi/12.3.1/../../../../arm-none-eabi/lib/thumb/v7e-m+dp/hard\libc_nano.a(libc_a-memset.o)
 .debug_frame   0x000041e0       0x2c C:/ST/STM32CubeIDE_1.16.0/STM32CubeIDE/plugins/com.st.stm32cube.ide.mcu.externaltools.gnu-tools-for-stm32.12.3.rel1.win32_1.0.200.202406191623/tools/bin/../lib/gcc/arm-none-eabi/12.3.1/../../../../arm-none-eabi/lib/thumb/v7e-m+dp/hard\libc_nano.a(libc_a-init.o)

.debug_line_str
                0x00000000       0x47
 .debug_line_str
                0x00000000       0x47 ./Core/Startup/startup_stm32h723zgtx.o
